                              1 ;--------------------------------------------------------
                              2 ; File Created by SDCC : FreeWare ANSI-C Compiler
                              3 ; Version 2.2.1 Sun Aug 03 19:25:12 2014
                              4 
                              5 ;--------------------------------------------------------
                              6 	.module lcc92200
                              7 	
                              8 ;--------------------------------------------------------
                              9 ; Public variables in this module
                             10 ;--------------------------------------------------------
                             11 	.globl _main
                             12 	.globl _set_bkg_tiles
                             13 	.globl _set_bkg_data
                             14 	.globl _display_off
                             15 	.globl _wait_vbl_done
                             16 	.globl _disable_interrupts
                             17 	.globl _enable_interrupts
                             18 	.globl _SampleTiles
                             19 	.globl _mapData
                             20 	.globl _main
                             21 ;--------------------------------------------------------
                             22 ; Externals used
                             23 ;--------------------------------------------------------
                             24 	.globl __io_out
                             25 	.globl __io_in
                             26 	.globl __io_status
                             27 	.globl _sys_time
                             28 	.globl __cpu
                             29 ;--------------------------------------------------------
                             30 ; special function registers
                             31 ;--------------------------------------------------------
                             32 ;--------------------------------------------------------
                             33 ; special function bits 
                             34 ;--------------------------------------------------------
                             35 ;--------------------------------------------------------
                             36 ; internal ram data
                             37 ;--------------------------------------------------------
                             38 	.area _DATA
   0000                      39 _SampleTiles::
   0000                      40 	.ds 192
                             41 ;--------------------------------------------------------
                             42 ; overlayable items in internal ram 
                             43 ;--------------------------------------------------------
                             44 	.area _OVERLAY
                             45 ;--------------------------------------------------------
                             46 ; indirectly addressable internal ram data
                             47 ;--------------------------------------------------------
                             48 	.area _ISEG
                             49 ;--------------------------------------------------------
                             50 ; bit data
                             51 ;--------------------------------------------------------
                             52 	.area _BSEG
                             53 ;--------------------------------------------------------
                             54 ; external ram data
                             55 ;--------------------------------------------------------
                             56 	.area _XSEG
                             57 ;--------------------------------------------------------
                             58 ; global & static initialisations
                             59 ;--------------------------------------------------------
                             60 	.area _GSINIT
                             61 	.area _GSFINAL
                             62 	.area _GSINIT
                             63 ;	C:\\Users\\Pico\\Documents\\GitHub\\Gameboy-Game\\src\\new.c 111
                             64 ; genAssign (pointer)
   0000 11 00 00             65 	ld	de,#_SampleTiles + 0
   0003 3E 00                66 	ld	a,#0x00
   0005 12                   67 	ld	(de),a
                             68 ; genPlus
                             69 ; genPlusIncr
   0006 11 01 00             70 	ld	de,#_SampleTiles + 0 + 1
                             71 ; genAssign (pointer)
   0009 3E 00                72 	ld	a,#0x00
   000B 12                   73 	ld	(de),a
                             74 ; genPlus
                             75 ; genPlusIncr
   000C 11 02 00             76 	ld	de,#_SampleTiles + 0 + 2
                             77 ; genAssign (pointer)
   000F 3E 00                78 	ld	a,#0x00
   0011 12                   79 	ld	(de),a
                             80 ; genPlus
                             81 ; genPlusIncr
   0012 11 03 00             82 	ld	de,#_SampleTiles + 0 + 3
                             83 ; genAssign (pointer)
   0015 3E 00                84 	ld	a,#0x00
   0017 12                   85 	ld	(de),a
                             86 ; genPlus
                             87 ; genPlusIncr
   0018 11 04 00             88 	ld	de,#_SampleTiles + 0 + 4
                             89 ; genAssign (pointer)
   001B 3E 60                90 	ld	a,#0x60
   001D 12                   91 	ld	(de),a
                             92 ; genPlus
                             93 ; genPlusIncr
   001E 11 05 00             94 	ld	de,#_SampleTiles + 0 + 5
                             95 ; genAssign (pointer)
   0021 3E 00                96 	ld	a,#0x00
   0023 12                   97 	ld	(de),a
                             98 ; genPlus
                             99 ; genPlusIncr
   0024 11 06 00            100 	ld	de,#_SampleTiles + 0 + 6
                            101 ; genAssign (pointer)
   0027 3E 00               102 	ld	a,#0x00
   0029 12                  103 	ld	(de),a
                            104 ; genPlus
                            105 ; genPlusIncr
   002A 11 07 00            106 	ld	de,#_SampleTiles + 0 + 7
                            107 ; genAssign (pointer)
   002D 3E 00               108 	ld	a,#0x00
   002F 12                  109 	ld	(de),a
                            110 ; genPlus
                            111 ; genPlusIncr
   0030 11 08 00            112 	ld	de,#_SampleTiles + 0 + 8
                            113 ; genAssign (pointer)
   0033 3E 00               114 	ld	a,#0x00
   0035 12                  115 	ld	(de),a
                            116 ; genPlus
                            117 ; genPlusIncr
   0036 11 09 00            118 	ld	de,#_SampleTiles + 0 + 9
                            119 ; genAssign (pointer)
   0039 3E 00               120 	ld	a,#0x00
   003B 12                  121 	ld	(de),a
                            122 ; genPlus
                            123 ; genPlusIncr
   003C 11 0A 00            124 	ld	de,#_SampleTiles + 0 + 10
                            125 ; genAssign (pointer)
   003F 3E 00               126 	ld	a,#0x00
   0041 12                  127 	ld	(de),a
                            128 ; genPlus
                            129 ; genPlusIncr
   0042 11 0B 00            130 	ld	de,#_SampleTiles + 0 + 11
                            131 ; genAssign (pointer)
   0045 3E 00               132 	ld	a,#0x00
   0047 12                  133 	ld	(de),a
                            134 ; genPlus
                            135 ; genPlusIncr
   0048 11 0C 00            136 	ld	de,#_SampleTiles + 0 + 12
                            137 ; genAssign (pointer)
   004B 3E 00               138 	ld	a,#0x00
   004D 12                  139 	ld	(de),a
                            140 ; genPlus
                            141 ; genPlusIncr
   004E 11 0D 00            142 	ld	de,#_SampleTiles + 0 + 13
                            143 ; genAssign (pointer)
   0051 3E 00               144 	ld	a,#0x00
   0053 12                  145 	ld	(de),a
                            146 ; genPlus
                            147 ; genPlusIncr
   0054 11 0E 00            148 	ld	de,#_SampleTiles + 0 + 14
                            149 ; genAssign (pointer)
   0057 3E FF               150 	ld	a,#0xFF
   0059 12                  151 	ld	(de),a
                            152 ; genPlus
                            153 ; genPlusIncr
   005A 11 0F 00            154 	ld	de,#_SampleTiles + 0 + 15
                            155 ; genAssign (pointer)
   005D 3E 00               156 	ld	a,#0x00
   005F 12                  157 	ld	(de),a
                            158 ; genPlus
                            159 ; genPlusIncr
   0060 11 10 00            160 	ld	de,#_SampleTiles + 0 + 16
                            161 ; genAssign (pointer)
   0063 3E 78               162 	ld	a,#0x78
   0065 12                  163 	ld	(de),a
                            164 ; genPlus
                            165 ; genPlusIncr
   0066 11 11 00            166 	ld	de,#_SampleTiles + 0 + 17
                            167 ; genAssign (pointer)
   0069 3E 00               168 	ld	a,#0x00
   006B 12                  169 	ld	(de),a
                            170 ; genPlus
                            171 ; genPlusIncr
   006C 11 12 00            172 	ld	de,#_SampleTiles + 0 + 18
                            173 ; genAssign (pointer)
   006F 3E 00               174 	ld	a,#0x00
   0071 12                  175 	ld	(de),a
                            176 ; genPlus
                            177 ; genPlusIncr
   0072 11 13 00            178 	ld	de,#_SampleTiles + 0 + 19
                            179 ; genAssign (pointer)
   0075 3E 00               180 	ld	a,#0x00
   0077 12                  181 	ld	(de),a
                            182 ; genPlus
                            183 ; genPlusIncr
   0078 11 14 00            184 	ld	de,#_SampleTiles + 0 + 20
                            185 ; genAssign (pointer)
   007B 3E 00               186 	ld	a,#0x00
   007D 12                  187 	ld	(de),a
                            188 ; genPlus
                            189 ; genPlusIncr
   007E 11 15 00            190 	ld	de,#_SampleTiles + 0 + 21
                            191 ; genAssign (pointer)
   0081 3E 00               192 	ld	a,#0x00
   0083 12                  193 	ld	(de),a
                            194 ; genPlus
                            195 ; genPlusIncr
   0084 11 16 00            196 	ld	de,#_SampleTiles + 0 + 22
                            197 ; genAssign (pointer)
   0087 3E 00               198 	ld	a,#0x00
   0089 12                  199 	ld	(de),a
                            200 ; genPlus
                            201 ; genPlusIncr
   008A 11 17 00            202 	ld	de,#_SampleTiles + 0 + 23
                            203 ; genAssign (pointer)
   008D 3E 00               204 	ld	a,#0x00
   008F 12                  205 	ld	(de),a
                            206 ; genPlus
                            207 ; genPlusIncr
   0090 11 18 00            208 	ld	de,#_SampleTiles + 0 + 24
                            209 ; genAssign (pointer)
   0093 3E 00               210 	ld	a,#0x00
   0095 12                  211 	ld	(de),a
                            212 ; genPlus
                            213 ; genPlusIncr
   0096 11 19 00            214 	ld	de,#_SampleTiles + 0 + 25
                            215 ; genAssign (pointer)
   0099 3E 00               216 	ld	a,#0x00
   009B 12                  217 	ld	(de),a
                            218 ; genPlus
                            219 ; genPlusIncr
   009C 11 1A 00            220 	ld	de,#_SampleTiles + 0 + 26
                            221 ; genAssign (pointer)
   009F 3E 00               222 	ld	a,#0x00
   00A1 12                  223 	ld	(de),a
                            224 ; genPlus
                            225 ; genPlusIncr
   00A2 11 1B 00            226 	ld	de,#_SampleTiles + 0 + 27
                            227 ; genAssign (pointer)
   00A5 3E 00               228 	ld	a,#0x00
   00A7 12                  229 	ld	(de),a
                            230 ; genPlus
                            231 ; genPlusIncr
   00A8 11 1C 00            232 	ld	de,#_SampleTiles + 0 + 28
                            233 ; genAssign (pointer)
   00AB 3E 00               234 	ld	a,#0x00
   00AD 12                  235 	ld	(de),a
                            236 ; genPlus
                            237 ; genPlusIncr
   00AE 11 1D 00            238 	ld	de,#_SampleTiles + 0 + 29
                            239 ; genAssign (pointer)
   00B1 3E 00               240 	ld	a,#0x00
   00B3 12                  241 	ld	(de),a
                            242 ; genPlus
                            243 ; genPlusIncr
   00B4 11 1E 00            244 	ld	de,#_SampleTiles + 0 + 30
                            245 ; genAssign (pointer)
   00B7 3E FF               246 	ld	a,#0xFF
   00B9 12                  247 	ld	(de),a
                            248 ; genPlus
                            249 ; genPlusIncr
   00BA 11 1F 00            250 	ld	de,#_SampleTiles + 0 + 31
                            251 ; genAssign (pointer)
   00BD 3E 00               252 	ld	a,#0x00
   00BF 12                  253 	ld	(de),a
                            254 ; genPlus
                            255 ; genPlusIncr
   00C0 11 20 00            256 	ld	de,#_SampleTiles + 0 + 32
                            257 ; genAssign (pointer)
   00C3 3E 00               258 	ld	a,#0x00
   00C5 12                  259 	ld	(de),a
                            260 ; genPlus
                            261 ; genPlusIncr
   00C6 11 21 00            262 	ld	de,#_SampleTiles + 0 + 33
                            263 ; genAssign (pointer)
   00C9 3E 00               264 	ld	a,#0x00
   00CB 12                  265 	ld	(de),a
                            266 ; genPlus
                            267 ; genPlusIncr
   00CC 11 22 00            268 	ld	de,#_SampleTiles + 0 + 34
                            269 ; genAssign (pointer)
   00CF 3E 00               270 	ld	a,#0x00
   00D1 12                  271 	ld	(de),a
                            272 ; genPlus
                            273 ; genPlusIncr
   00D2 11 23 00            274 	ld	de,#_SampleTiles + 0 + 35
                            275 ; genAssign (pointer)
   00D5 3E 00               276 	ld	a,#0x00
   00D7 12                  277 	ld	(de),a
                            278 ; genPlus
                            279 ; genPlusIncr
   00D8 11 24 00            280 	ld	de,#_SampleTiles + 0 + 36
                            281 ; genAssign (pointer)
   00DB 3E 00               282 	ld	a,#0x00
   00DD 12                  283 	ld	(de),a
                            284 ; genPlus
                            285 ; genPlusIncr
   00DE 11 25 00            286 	ld	de,#_SampleTiles + 0 + 37
                            287 ; genAssign (pointer)
   00E1 3E 00               288 	ld	a,#0x00
   00E3 12                  289 	ld	(de),a
                            290 ; genPlus
                            291 ; genPlusIncr
   00E4 11 26 00            292 	ld	de,#_SampleTiles + 0 + 38
                            293 ; genAssign (pointer)
   00E7 3E 00               294 	ld	a,#0x00
   00E9 12                  295 	ld	(de),a
                            296 ; genPlus
                            297 ; genPlusIncr
   00EA 11 27 00            298 	ld	de,#_SampleTiles + 0 + 39
                            299 ; genAssign (pointer)
   00ED 3E 00               300 	ld	a,#0x00
   00EF 12                  301 	ld	(de),a
                            302 ; genPlus
                            303 ; genPlusIncr
   00F0 11 28 00            304 	ld	de,#_SampleTiles + 0 + 40
                            305 ; genAssign (pointer)
   00F3 3E E0               306 	ld	a,#0xE0
   00F5 12                  307 	ld	(de),a
                            308 ; genPlus
                            309 ; genPlusIncr
   00F6 11 29 00            310 	ld	de,#_SampleTiles + 0 + 41
                            311 ; genAssign (pointer)
   00F9 3E 00               312 	ld	a,#0x00
   00FB 12                  313 	ld	(de),a
                            314 ; genPlus
                            315 ; genPlusIncr
   00FC 11 2A 00            316 	ld	de,#_SampleTiles + 0 + 42
                            317 ; genAssign (pointer)
   00FF 3E 00               318 	ld	a,#0x00
   0101 12                  319 	ld	(de),a
                            320 ; genPlus
                            321 ; genPlusIncr
   0102 11 2B 00            322 	ld	de,#_SampleTiles + 0 + 43
                            323 ; genAssign (pointer)
   0105 3E 00               324 	ld	a,#0x00
   0107 12                  325 	ld	(de),a
                            326 ; genPlus
                            327 ; genPlusIncr
   0108 11 2C 00            328 	ld	de,#_SampleTiles + 0 + 44
                            329 ; genAssign (pointer)
   010B 3E 00               330 	ld	a,#0x00
   010D 12                  331 	ld	(de),a
                            332 ; genPlus
                            333 ; genPlusIncr
   010E 11 2D 00            334 	ld	de,#_SampleTiles + 0 + 45
                            335 ; genAssign (pointer)
   0111 3E 00               336 	ld	a,#0x00
   0113 12                  337 	ld	(de),a
                            338 ; genPlus
                            339 ; genPlusIncr
   0114 11 2E 00            340 	ld	de,#_SampleTiles + 0 + 46
                            341 ; genAssign (pointer)
   0117 3E FF               342 	ld	a,#0xFF
   0119 12                  343 	ld	(de),a
                            344 ; genPlus
                            345 ; genPlusIncr
   011A 11 2F 00            346 	ld	de,#_SampleTiles + 0 + 47
                            347 ; genAssign (pointer)
   011D 3E 00               348 	ld	a,#0x00
   011F 12                  349 	ld	(de),a
                            350 ; genPlus
                            351 ; genPlusIncr
   0120 11 30 00            352 	ld	de,#_SampleTiles + 0 + 48
                            353 ; genAssign (pointer)
   0123 3E 00               354 	ld	a,#0x00
   0125 12                  355 	ld	(de),a
                            356 ; genPlus
                            357 ; genPlusIncr
   0126 11 31 00            358 	ld	de,#_SampleTiles + 0 + 49
                            359 ; genAssign (pointer)
   0129 3E 00               360 	ld	a,#0x00
   012B 12                  361 	ld	(de),a
                            362 ; genPlus
                            363 ; genPlusIncr
   012C 11 32 00            364 	ld	de,#_SampleTiles + 0 + 50
                            365 ; genAssign (pointer)
   012F 3E 00               366 	ld	a,#0x00
   0131 12                  367 	ld	(de),a
                            368 ; genPlus
                            369 ; genPlusIncr
   0132 11 33 00            370 	ld	de,#_SampleTiles + 0 + 51
                            371 ; genAssign (pointer)
   0135 3E 00               372 	ld	a,#0x00
   0137 12                  373 	ld	(de),a
                            374 ; genPlus
                            375 ; genPlusIncr
   0138 11 34 00            376 	ld	de,#_SampleTiles + 0 + 52
                            377 ; genAssign (pointer)
   013B 3E 00               378 	ld	a,#0x00
   013D 12                  379 	ld	(de),a
                            380 ; genPlus
                            381 ; genPlusIncr
   013E 11 35 00            382 	ld	de,#_SampleTiles + 0 + 53
                            383 ; genAssign (pointer)
   0141 3E 00               384 	ld	a,#0x00
   0143 12                  385 	ld	(de),a
                            386 ; genPlus
                            387 ; genPlusIncr
   0144 11 36 00            388 	ld	de,#_SampleTiles + 0 + 54
                            389 ; genAssign (pointer)
   0147 3E 06               390 	ld	a,#0x06
   0149 12                  391 	ld	(de),a
                            392 ; genPlus
                            393 ; genPlusIncr
   014A 11 37 00            394 	ld	de,#_SampleTiles + 0 + 55
                            395 ; genAssign (pointer)
   014D 3E 00               396 	ld	a,#0x00
   014F 12                  397 	ld	(de),a
                            398 ; genPlus
                            399 ; genPlusIncr
   0150 11 38 00            400 	ld	de,#_SampleTiles + 0 + 56
                            401 ; genAssign (pointer)
   0153 3E 00               402 	ld	a,#0x00
   0155 12                  403 	ld	(de),a
                            404 ; genPlus
                            405 ; genPlusIncr
   0156 11 39 00            406 	ld	de,#_SampleTiles + 0 + 57
                            407 ; genAssign (pointer)
   0159 3E 00               408 	ld	a,#0x00
   015B 12                  409 	ld	(de),a
                            410 ; genPlus
                            411 ; genPlusIncr
   015C 11 3A 00            412 	ld	de,#_SampleTiles + 0 + 58
                            413 ; genAssign (pointer)
   015F 3E 00               414 	ld	a,#0x00
   0161 12                  415 	ld	(de),a
                            416 ; genPlus
                            417 ; genPlusIncr
   0162 11 3B 00            418 	ld	de,#_SampleTiles + 0 + 59
                            419 ; genAssign (pointer)
   0165 3E 00               420 	ld	a,#0x00
   0167 12                  421 	ld	(de),a
                            422 ; genPlus
                            423 ; genPlusIncr
   0168 11 3C 00            424 	ld	de,#_SampleTiles + 0 + 60
                            425 ; genAssign (pointer)
   016B 3E E0               426 	ld	a,#0xE0
   016D 12                  427 	ld	(de),a
                            428 ; genPlus
                            429 ; genPlusIncr
   016E 11 3D 00            430 	ld	de,#_SampleTiles + 0 + 61
                            431 ; genAssign (pointer)
   0171 3E 00               432 	ld	a,#0x00
   0173 12                  433 	ld	(de),a
                            434 ; genPlus
                            435 ; genPlusIncr
   0174 11 3E 00            436 	ld	de,#_SampleTiles + 0 + 62
                            437 ; genAssign (pointer)
   0177 3E FF               438 	ld	a,#0xFF
   0179 12                  439 	ld	(de),a
                            440 ; genPlus
                            441 ; genPlusIncr
   017A 11 3F 00            442 	ld	de,#_SampleTiles + 0 + 63
                            443 ; genAssign (pointer)
   017D 3E 00               444 	ld	a,#0x00
   017F 12                  445 	ld	(de),a
                            446 ; genPlus
                            447 ; genPlusIncr
   0180 11 40 00            448 	ld	de,#_SampleTiles + 0 + 64
                            449 ; genAssign (pointer)
   0183 3E 00               450 	ld	a,#0x00
   0185 12                  451 	ld	(de),a
                            452 ; genPlus
                            453 ; genPlusIncr
   0186 11 41 00            454 	ld	de,#_SampleTiles + 0 + 65
                            455 ; genAssign (pointer)
   0189 3E 00               456 	ld	a,#0x00
   018B 12                  457 	ld	(de),a
                            458 ; genPlus
                            459 ; genPlusIncr
   018C 11 42 00            460 	ld	de,#_SampleTiles + 0 + 66
                            461 ; genAssign (pointer)
   018F 3E 00               462 	ld	a,#0x00
   0191 12                  463 	ld	(de),a
                            464 ; genPlus
                            465 ; genPlusIncr
   0192 11 43 00            466 	ld	de,#_SampleTiles + 0 + 67
                            467 ; genAssign (pointer)
   0195 3E 00               468 	ld	a,#0x00
   0197 12                  469 	ld	(de),a
                            470 ; genPlus
                            471 ; genPlusIncr
   0198 11 44 00            472 	ld	de,#_SampleTiles + 0 + 68
                            473 ; genAssign (pointer)
   019B 3E 92               474 	ld	a,#0x92
   019D 12                  475 	ld	(de),a
                            476 ; genPlus
                            477 ; genPlusIncr
   019E 11 45 00            478 	ld	de,#_SampleTiles + 0 + 69
                            479 ; genAssign (pointer)
   01A1 3E 00               480 	ld	a,#0x00
   01A3 12                  481 	ld	(de),a
                            482 ; genPlus
                            483 ; genPlusIncr
   01A4 11 46 00            484 	ld	de,#_SampleTiles + 0 + 70
                            485 ; genAssign (pointer)
   01A7 3E 54               486 	ld	a,#0x54
   01A9 12                  487 	ld	(de),a
                            488 ; genPlus
                            489 ; genPlusIncr
   01AA 11 47 00            490 	ld	de,#_SampleTiles + 0 + 71
                            491 ; genAssign (pointer)
   01AD 3E 00               492 	ld	a,#0x00
   01AF 12                  493 	ld	(de),a
                            494 ; genPlus
                            495 ; genPlusIncr
   01B0 11 48 00            496 	ld	de,#_SampleTiles + 0 + 72
                            497 ; genAssign (pointer)
   01B3 3E 24               498 	ld	a,#0x24
   01B5 12                  499 	ld	(de),a
                            500 ; genPlus
                            501 ; genPlusIncr
   01B6 11 49 00            502 	ld	de,#_SampleTiles + 0 + 73
                            503 ; genAssign (pointer)
   01B9 3E 00               504 	ld	a,#0x00
   01BB 12                  505 	ld	(de),a
                            506 ; genPlus
                            507 ; genPlusIncr
   01BC 11 4A 00            508 	ld	de,#_SampleTiles + 0 + 74
                            509 ; genAssign (pointer)
   01BF 3E 00               510 	ld	a,#0x00
   01C1 12                  511 	ld	(de),a
                            512 ; genPlus
                            513 ; genPlusIncr
   01C2 11 4B 00            514 	ld	de,#_SampleTiles + 0 + 75
                            515 ; genAssign (pointer)
   01C5 3E 00               516 	ld	a,#0x00
   01C7 12                  517 	ld	(de),a
                            518 ; genPlus
                            519 ; genPlusIncr
   01C8 11 4C 00            520 	ld	de,#_SampleTiles + 0 + 76
                            521 ; genAssign (pointer)
   01CB 3E 00               522 	ld	a,#0x00
   01CD 12                  523 	ld	(de),a
                            524 ; genPlus
                            525 ; genPlusIncr
   01CE 11 4D 00            526 	ld	de,#_SampleTiles + 0 + 77
                            527 ; genAssign (pointer)
   01D1 3E 00               528 	ld	a,#0x00
   01D3 12                  529 	ld	(de),a
                            530 ; genPlus
                            531 ; genPlusIncr
   01D4 11 4E 00            532 	ld	de,#_SampleTiles + 0 + 78
                            533 ; genAssign (pointer)
   01D7 3E 00               534 	ld	a,#0x00
   01D9 12                  535 	ld	(de),a
                            536 ; genPlus
                            537 ; genPlusIncr
   01DA 11 4F 00            538 	ld	de,#_SampleTiles + 0 + 79
                            539 ; genAssign (pointer)
   01DD 3E 00               540 	ld	a,#0x00
   01DF 12                  541 	ld	(de),a
                            542 ; genPlus
                            543 ; genPlusIncr
   01E0 11 50 00            544 	ld	de,#_SampleTiles + 0 + 80
                            545 ; genAssign (pointer)
   01E3 3E 00               546 	ld	a,#0x00
   01E5 12                  547 	ld	(de),a
                            548 ; genPlus
                            549 ; genPlusIncr
   01E6 11 51 00            550 	ld	de,#_SampleTiles + 0 + 81
                            551 ; genAssign (pointer)
   01E9 3E 00               552 	ld	a,#0x00
   01EB 12                  553 	ld	(de),a
                            554 ; genPlus
                            555 ; genPlusIncr
   01EC 11 52 00            556 	ld	de,#_SampleTiles + 0 + 82
                            557 ; genAssign (pointer)
   01EF 3E 00               558 	ld	a,#0x00
   01F1 12                  559 	ld	(de),a
                            560 ; genPlus
                            561 ; genPlusIncr
   01F2 11 53 00            562 	ld	de,#_SampleTiles + 0 + 83
                            563 ; genAssign (pointer)
   01F5 3E 00               564 	ld	a,#0x00
   01F7 12                  565 	ld	(de),a
                            566 ; genPlus
                            567 ; genPlusIncr
   01F8 11 54 00            568 	ld	de,#_SampleTiles + 0 + 84
                            569 ; genAssign (pointer)
   01FB 3E 00               570 	ld	a,#0x00
   01FD 12                  571 	ld	(de),a
                            572 ; genPlus
                            573 ; genPlusIncr
   01FE 11 55 00            574 	ld	de,#_SampleTiles + 0 + 85
                            575 ; genAssign (pointer)
   0201 3E 00               576 	ld	a,#0x00
   0203 12                  577 	ld	(de),a
                            578 ; genPlus
                            579 ; genPlusIncr
   0204 11 56 00            580 	ld	de,#_SampleTiles + 0 + 86
                            581 ; genAssign (pointer)
   0207 3E 00               582 	ld	a,#0x00
   0209 12                  583 	ld	(de),a
                            584 ; genPlus
                            585 ; genPlusIncr
   020A 11 57 00            586 	ld	de,#_SampleTiles + 0 + 87
                            587 ; genAssign (pointer)
   020D 3E 00               588 	ld	a,#0x00
   020F 12                  589 	ld	(de),a
                            590 ; genPlus
                            591 ; genPlusIncr
   0210 11 58 00            592 	ld	de,#_SampleTiles + 0 + 88
                            593 ; genAssign (pointer)
   0213 3E 00               594 	ld	a,#0x00
   0215 12                  595 	ld	(de),a
                            596 ; genPlus
                            597 ; genPlusIncr
   0216 11 59 00            598 	ld	de,#_SampleTiles + 0 + 89
                            599 ; genAssign (pointer)
   0219 3E 00               600 	ld	a,#0x00
   021B 12                  601 	ld	(de),a
                            602 ; genPlus
                            603 ; genPlusIncr
   021C 11 5A 00            604 	ld	de,#_SampleTiles + 0 + 90
                            605 ; genAssign (pointer)
   021F 3E 00               606 	ld	a,#0x00
   0221 12                  607 	ld	(de),a
                            608 ; genPlus
                            609 ; genPlusIncr
   0222 11 5B 00            610 	ld	de,#_SampleTiles + 0 + 91
                            611 ; genAssign (pointer)
   0225 3E 00               612 	ld	a,#0x00
   0227 12                  613 	ld	(de),a
                            614 ; genPlus
                            615 ; genPlusIncr
   0228 11 5C 00            616 	ld	de,#_SampleTiles + 0 + 92
                            617 ; genAssign (pointer)
   022B 3E 00               618 	ld	a,#0x00
   022D 12                  619 	ld	(de),a
                            620 ; genPlus
                            621 ; genPlusIncr
   022E 11 5D 00            622 	ld	de,#_SampleTiles + 0 + 93
                            623 ; genAssign (pointer)
   0231 3E 00               624 	ld	a,#0x00
   0233 12                  625 	ld	(de),a
                            626 ; genPlus
                            627 ; genPlusIncr
   0234 11 5E 00            628 	ld	de,#_SampleTiles + 0 + 94
                            629 ; genAssign (pointer)
   0237 3E 00               630 	ld	a,#0x00
   0239 12                  631 	ld	(de),a
                            632 ; genPlus
                            633 ; genPlusIncr
   023A 11 5F 00            634 	ld	de,#_SampleTiles + 0 + 95
                            635 ; genAssign (pointer)
   023D 3E 00               636 	ld	a,#0x00
   023F 12                  637 	ld	(de),a
                            638 ; genPlus
                            639 ; genPlusIncr
   0240 11 60 00            640 	ld	de,#_SampleTiles + 0 + 96
                            641 ; genAssign (pointer)
   0243 3E 00               642 	ld	a,#0x00
   0245 12                  643 	ld	(de),a
                            644 ; genPlus
                            645 ; genPlusIncr
   0246 11 61 00            646 	ld	de,#_SampleTiles + 0 + 97
                            647 ; genAssign (pointer)
   0249 3E 00               648 	ld	a,#0x00
   024B 12                  649 	ld	(de),a
                            650 ; genPlus
                            651 ; genPlusIncr
   024C 11 62 00            652 	ld	de,#_SampleTiles + 0 + 98
                            653 ; genAssign (pointer)
   024F 3E 00               654 	ld	a,#0x00
   0251 12                  655 	ld	(de),a
                            656 ; genPlus
                            657 ; genPlusIncr
   0252 11 63 00            658 	ld	de,#_SampleTiles + 0 + 99
                            659 ; genAssign (pointer)
   0255 3E 00               660 	ld	a,#0x00
   0257 12                  661 	ld	(de),a
                            662 ; genPlus
                            663 ; genPlusIncr
   0258 11 64 00            664 	ld	de,#_SampleTiles + 0 + 100
                            665 ; genAssign (pointer)
   025B 3E 00               666 	ld	a,#0x00
   025D 12                  667 	ld	(de),a
                            668 ; genPlus
                            669 ; genPlusIncr
   025E 11 65 00            670 	ld	de,#_SampleTiles + 0 + 101
                            671 ; genAssign (pointer)
   0261 3E 00               672 	ld	a,#0x00
   0263 12                  673 	ld	(de),a
                            674 ; genPlus
                            675 ; genPlusIncr
   0264 11 66 00            676 	ld	de,#_SampleTiles + 0 + 102
                            677 ; genAssign (pointer)
   0267 3E 00               678 	ld	a,#0x00
   0269 12                  679 	ld	(de),a
                            680 ; genPlus
                            681 ; genPlusIncr
   026A 11 67 00            682 	ld	de,#_SampleTiles + 0 + 103
                            683 ; genAssign (pointer)
   026D 3E 00               684 	ld	a,#0x00
   026F 12                  685 	ld	(de),a
                            686 ; genPlus
                            687 ; genPlusIncr
   0270 11 68 00            688 	ld	de,#_SampleTiles + 0 + 104
                            689 ; genAssign (pointer)
   0273 3E 00               690 	ld	a,#0x00
   0275 12                  691 	ld	(de),a
                            692 ; genPlus
                            693 ; genPlusIncr
   0276 11 69 00            694 	ld	de,#_SampleTiles + 0 + 105
                            695 ; genAssign (pointer)
   0279 3E 00               696 	ld	a,#0x00
   027B 12                  697 	ld	(de),a
                            698 ; genPlus
                            699 ; genPlusIncr
   027C 11 6A 00            700 	ld	de,#_SampleTiles + 0 + 106
                            701 ; genAssign (pointer)
   027F 3E 00               702 	ld	a,#0x00
   0281 12                  703 	ld	(de),a
                            704 ; genPlus
                            705 ; genPlusIncr
   0282 11 6B 00            706 	ld	de,#_SampleTiles + 0 + 107
                            707 ; genAssign (pointer)
   0285 3E 00               708 	ld	a,#0x00
   0287 12                  709 	ld	(de),a
                            710 ; genPlus
                            711 ; genPlusIncr
   0288 11 6C 00            712 	ld	de,#_SampleTiles + 0 + 108
                            713 ; genAssign (pointer)
   028B 3E 00               714 	ld	a,#0x00
   028D 12                  715 	ld	(de),a
                            716 ; genPlus
                            717 ; genPlusIncr
   028E 11 6D 00            718 	ld	de,#_SampleTiles + 0 + 109
                            719 ; genAssign (pointer)
   0291 3E 00               720 	ld	a,#0x00
   0293 12                  721 	ld	(de),a
                            722 ; genPlus
                            723 ; genPlusIncr
   0294 11 6E 00            724 	ld	de,#_SampleTiles + 0 + 110
                            725 ; genAssign (pointer)
   0297 3E 00               726 	ld	a,#0x00
   0299 12                  727 	ld	(de),a
                            728 ; genPlus
                            729 ; genPlusIncr
   029A 11 6F 00            730 	ld	de,#_SampleTiles + 0 + 111
                            731 ; genAssign (pointer)
   029D 3E 00               732 	ld	a,#0x00
   029F 12                  733 	ld	(de),a
                            734 ; genPlus
                            735 ; genPlusIncr
   02A0 11 70 00            736 	ld	de,#_SampleTiles + 0 + 112
                            737 ; genAssign (pointer)
   02A3 3E 00               738 	ld	a,#0x00
   02A5 12                  739 	ld	(de),a
                            740 ; genPlus
                            741 ; genPlusIncr
   02A6 11 71 00            742 	ld	de,#_SampleTiles + 0 + 113
                            743 ; genAssign (pointer)
   02A9 3E 00               744 	ld	a,#0x00
   02AB 12                  745 	ld	(de),a
                            746 ; genPlus
                            747 ; genPlusIncr
   02AC 11 72 00            748 	ld	de,#_SampleTiles + 0 + 114
                            749 ; genAssign (pointer)
   02AF 3E 00               750 	ld	a,#0x00
   02B1 12                  751 	ld	(de),a
                            752 ; genPlus
                            753 ; genPlusIncr
   02B2 11 73 00            754 	ld	de,#_SampleTiles + 0 + 115
                            755 ; genAssign (pointer)
   02B5 3E 00               756 	ld	a,#0x00
   02B7 12                  757 	ld	(de),a
                            758 ; genPlus
                            759 ; genPlusIncr
   02B8 11 74 00            760 	ld	de,#_SampleTiles + 0 + 116
                            761 ; genAssign (pointer)
   02BB 3E 80               762 	ld	a,#0x80
   02BD 12                  763 	ld	(de),a
                            764 ; genPlus
                            765 ; genPlusIncr
   02BE 11 75 00            766 	ld	de,#_SampleTiles + 0 + 117
                            767 ; genAssign (pointer)
   02C1 3E 00               768 	ld	a,#0x00
   02C3 12                  769 	ld	(de),a
                            770 ; genPlus
                            771 ; genPlusIncr
   02C4 11 76 00            772 	ld	de,#_SampleTiles + 0 + 118
                            773 ; genAssign (pointer)
   02C7 3E 4A               774 	ld	a,#0x4A
   02C9 12                  775 	ld	(de),a
                            776 ; genPlus
                            777 ; genPlusIncr
   02CA 11 77 00            778 	ld	de,#_SampleTiles + 0 + 119
                            779 ; genAssign (pointer)
   02CD 3E 00               780 	ld	a,#0x00
   02CF 12                  781 	ld	(de),a
                            782 ; genPlus
                            783 ; genPlusIncr
   02D0 11 78 00            784 	ld	de,#_SampleTiles + 0 + 120
                            785 ; genAssign (pointer)
   02D3 3E 54               786 	ld	a,#0x54
   02D5 12                  787 	ld	(de),a
                            788 ; genPlus
                            789 ; genPlusIncr
   02D6 11 79 00            790 	ld	de,#_SampleTiles + 0 + 121
                            791 ; genAssign (pointer)
   02D9 3E 00               792 	ld	a,#0x00
   02DB 12                  793 	ld	(de),a
                            794 ; genPlus
                            795 ; genPlusIncr
   02DC 11 7A 00            796 	ld	de,#_SampleTiles + 0 + 122
                            797 ; genAssign (pointer)
   02DF 3E 24               798 	ld	a,#0x24
   02E1 12                  799 	ld	(de),a
                            800 ; genPlus
                            801 ; genPlusIncr
   02E2 11 7B 00            802 	ld	de,#_SampleTiles + 0 + 123
                            803 ; genAssign (pointer)
   02E5 3E 00               804 	ld	a,#0x00
   02E7 12                  805 	ld	(de),a
                            806 ; genPlus
                            807 ; genPlusIncr
   02E8 11 7C 00            808 	ld	de,#_SampleTiles + 0 + 124
                            809 ; genAssign (pointer)
   02EB 3E 00               810 	ld	a,#0x00
   02ED 12                  811 	ld	(de),a
                            812 ; genPlus
                            813 ; genPlusIncr
   02EE 11 7D 00            814 	ld	de,#_SampleTiles + 0 + 125
                            815 ; genAssign (pointer)
   02F1 3E 00               816 	ld	a,#0x00
   02F3 12                  817 	ld	(de),a
                            818 ; genPlus
                            819 ; genPlusIncr
   02F4 11 7E 00            820 	ld	de,#_SampleTiles + 0 + 126
                            821 ; genAssign (pointer)
   02F7 3E 00               822 	ld	a,#0x00
   02F9 12                  823 	ld	(de),a
                            824 ; genPlus
                            825 ; genPlusIncr
   02FA 11 7F 00            826 	ld	de,#_SampleTiles + 0 + 127
                            827 ; genAssign (pointer)
   02FD 3E 00               828 	ld	a,#0x00
   02FF 12                  829 	ld	(de),a
                            830 ; genPlus
                            831 ; genPlusIncr
   0300 11 80 00            832 	ld	de,#_SampleTiles + 0 + 128
                            833 ; genAssign (pointer)
   0303 3E 00               834 	ld	a,#0x00
   0305 12                  835 	ld	(de),a
                            836 ; genPlus
                            837 ; genPlusIncr
   0306 11 81 00            838 	ld	de,#_SampleTiles + 0 + 129
                            839 ; genAssign (pointer)
   0309 3E FF               840 	ld	a,#0xFF
   030B 12                  841 	ld	(de),a
                            842 ; genPlus
                            843 ; genPlusIncr
   030C 11 82 00            844 	ld	de,#_SampleTiles + 0 + 130
                            845 ; genAssign (pointer)
   030F 3E 7F               846 	ld	a,#0x7F
   0311 12                  847 	ld	(de),a
                            848 ; genPlus
                            849 ; genPlusIncr
   0312 11 83 00            850 	ld	de,#_SampleTiles + 0 + 131
                            851 ; genAssign (pointer)
   0315 3E 80               852 	ld	a,#0x80
   0317 12                  853 	ld	(de),a
                            854 ; genPlus
                            855 ; genPlusIncr
   0318 11 84 00            856 	ld	de,#_SampleTiles + 0 + 132
                            857 ; genAssign (pointer)
   031B 3E 41               858 	ld	a,#0x41
   031D 12                  859 	ld	(de),a
                            860 ; genPlus
                            861 ; genPlusIncr
   031E 11 85 00            862 	ld	de,#_SampleTiles + 0 + 133
                            863 ; genAssign (pointer)
   0321 3E BE               864 	ld	a,#0xBE
   0323 12                  865 	ld	(de),a
                            866 ; genPlus
                            867 ; genPlusIncr
   0324 11 86 00            868 	ld	de,#_SampleTiles + 0 + 134
                            869 ; genAssign (pointer)
   0327 3E 5D               870 	ld	a,#0x5D
   0329 12                  871 	ld	(de),a
                            872 ; genPlus
                            873 ; genPlusIncr
   032A 11 87 00            874 	ld	de,#_SampleTiles + 0 + 135
                            875 ; genAssign (pointer)
   032D 3E A2               876 	ld	a,#0xA2
   032F 12                  877 	ld	(de),a
                            878 ; genPlus
                            879 ; genPlusIncr
   0330 11 88 00            880 	ld	de,#_SampleTiles + 0 + 136
                            881 ; genAssign (pointer)
   0333 3E 5D               882 	ld	a,#0x5D
   0335 12                  883 	ld	(de),a
                            884 ; genPlus
                            885 ; genPlusIncr
   0336 11 89 00            886 	ld	de,#_SampleTiles + 0 + 137
                            887 ; genAssign (pointer)
   0339 3E A2               888 	ld	a,#0xA2
   033B 12                  889 	ld	(de),a
                            890 ; genPlus
                            891 ; genPlusIncr
   033C 11 8A 00            892 	ld	de,#_SampleTiles + 0 + 138
                            893 ; genAssign (pointer)
   033F 3E 5D               894 	ld	a,#0x5D
   0341 12                  895 	ld	(de),a
                            896 ; genPlus
                            897 ; genPlusIncr
   0342 11 8B 00            898 	ld	de,#_SampleTiles + 0 + 139
                            899 ; genAssign (pointer)
   0345 3E A2               900 	ld	a,#0xA2
   0347 12                  901 	ld	(de),a
                            902 ; genPlus
                            903 ; genPlusIncr
   0348 11 8C 00            904 	ld	de,#_SampleTiles + 0 + 140
                            905 ; genAssign (pointer)
   034B 3E 41               906 	ld	a,#0x41
   034D 12                  907 	ld	(de),a
                            908 ; genPlus
                            909 ; genPlusIncr
   034E 11 8D 00            910 	ld	de,#_SampleTiles + 0 + 141
                            911 ; genAssign (pointer)
   0351 3E BE               912 	ld	a,#0xBE
   0353 12                  913 	ld	(de),a
                            914 ; genPlus
                            915 ; genPlusIncr
   0354 11 8E 00            916 	ld	de,#_SampleTiles + 0 + 142
                            917 ; genAssign (pointer)
   0357 3E 7F               918 	ld	a,#0x7F
   0359 12                  919 	ld	(de),a
                            920 ; genPlus
                            921 ; genPlusIncr
   035A 11 8F 00            922 	ld	de,#_SampleTiles + 0 + 143
                            923 ; genAssign (pointer)
   035D 3E 80               924 	ld	a,#0x80
   035F 12                  925 	ld	(de),a
                            926 ; genPlus
                            927 ; genPlusIncr
   0360 11 90 00            928 	ld	de,#_SampleTiles + 0 + 144
                            929 ; genAssign (pointer)
   0363 3E 7F               930 	ld	a,#0x7F
   0365 12                  931 	ld	(de),a
                            932 ; genPlus
                            933 ; genPlusIncr
   0366 11 91 00            934 	ld	de,#_SampleTiles + 0 + 145
                            935 ; genAssign (pointer)
   0369 3E 80               936 	ld	a,#0x80
   036B 12                  937 	ld	(de),a
                            938 ; genPlus
                            939 ; genPlusIncr
   036C 11 92 00            940 	ld	de,#_SampleTiles + 0 + 146
                            941 ; genAssign (pointer)
   036F 3E 41               942 	ld	a,#0x41
   0371 12                  943 	ld	(de),a
                            944 ; genPlus
                            945 ; genPlusIncr
   0372 11 93 00            946 	ld	de,#_SampleTiles + 0 + 147
                            947 ; genAssign (pointer)
   0375 3E BE               948 	ld	a,#0xBE
   0377 12                  949 	ld	(de),a
                            950 ; genPlus
                            951 ; genPlusIncr
   0378 11 94 00            952 	ld	de,#_SampleTiles + 0 + 148
                            953 ; genAssign (pointer)
   037B 3E 5D               954 	ld	a,#0x5D
   037D 12                  955 	ld	(de),a
                            956 ; genPlus
                            957 ; genPlusIncr
   037E 11 95 00            958 	ld	de,#_SampleTiles + 0 + 149
                            959 ; genAssign (pointer)
   0381 3E A2               960 	ld	a,#0xA2
   0383 12                  961 	ld	(de),a
                            962 ; genPlus
                            963 ; genPlusIncr
   0384 11 96 00            964 	ld	de,#_SampleTiles + 0 + 150
                            965 ; genAssign (pointer)
   0387 3E 5D               966 	ld	a,#0x5D
   0389 12                  967 	ld	(de),a
                            968 ; genPlus
                            969 ; genPlusIncr
   038A 11 97 00            970 	ld	de,#_SampleTiles + 0 + 151
                            971 ; genAssign (pointer)
   038D 3E A2               972 	ld	a,#0xA2
   038F 12                  973 	ld	(de),a
                            974 ; genPlus
                            975 ; genPlusIncr
   0390 11 98 00            976 	ld	de,#_SampleTiles + 0 + 152
                            977 ; genAssign (pointer)
   0393 3E 5D               978 	ld	a,#0x5D
   0395 12                  979 	ld	(de),a
                            980 ; genPlus
                            981 ; genPlusIncr
   0396 11 99 00            982 	ld	de,#_SampleTiles + 0 + 153
                            983 ; genAssign (pointer)
   0399 3E A2               984 	ld	a,#0xA2
   039B 12                  985 	ld	(de),a
                            986 ; genPlus
                            987 ; genPlusIncr
   039C 11 9A 00            988 	ld	de,#_SampleTiles + 0 + 154
                            989 ; genAssign (pointer)
   039F 3E 41               990 	ld	a,#0x41
   03A1 12                  991 	ld	(de),a
                            992 ; genPlus
                            993 ; genPlusIncr
   03A2 11 9B 00            994 	ld	de,#_SampleTiles + 0 + 155
                            995 ; genAssign (pointer)
   03A5 3E BE               996 	ld	a,#0xBE
   03A7 12                  997 	ld	(de),a
                            998 ; genPlus
                            999 ; genPlusIncr
   03A8 11 9C 00           1000 	ld	de,#_SampleTiles + 0 + 156
                           1001 ; genAssign (pointer)
   03AB 3E 7F              1002 	ld	a,#0x7F
   03AD 12                 1003 	ld	(de),a
                           1004 ; genPlus
                           1005 ; genPlusIncr
   03AE 11 9D 00           1006 	ld	de,#_SampleTiles + 0 + 157
                           1007 ; genAssign (pointer)
   03B1 3E 80              1008 	ld	a,#0x80
   03B3 12                 1009 	ld	(de),a
                           1010 ; genPlus
                           1011 ; genPlusIncr
   03B4 11 9E 00           1012 	ld	de,#_SampleTiles + 0 + 158
                           1013 ; genAssign (pointer)
   03B7 3E 00              1014 	ld	a,#0x00
   03B9 12                 1015 	ld	(de),a
                           1016 ; genPlus
                           1017 ; genPlusIncr
   03BA 11 9F 00           1018 	ld	de,#_SampleTiles + 0 + 159
                           1019 ; genAssign (pointer)
   03BD 3E FF              1020 	ld	a,#0xFF
   03BF 12                 1021 	ld	(de),a
                           1022 ; genPlus
                           1023 ; genPlusIncr
   03C0 11 A0 00           1024 	ld	de,#_SampleTiles + 0 + 160
                           1025 ; genAssign (pointer)
   03C3 3E 00              1026 	ld	a,#0x00
   03C5 12                 1027 	ld	(de),a
                           1028 ; genPlus
                           1029 ; genPlusIncr
   03C6 11 A1 00           1030 	ld	de,#_SampleTiles + 0 + 161
                           1031 ; genAssign (pointer)
   03C9 3E FF              1032 	ld	a,#0xFF
   03CB 12                 1033 	ld	(de),a
                           1034 ; genPlus
                           1035 ; genPlusIncr
   03CC 11 A2 00           1036 	ld	de,#_SampleTiles + 0 + 162
                           1037 ; genAssign (pointer)
   03CF 3E FE              1038 	ld	a,#0xFE
   03D1 12                 1039 	ld	(de),a
                           1040 ; genPlus
                           1041 ; genPlusIncr
   03D2 11 A3 00           1042 	ld	de,#_SampleTiles + 0 + 163
                           1043 ; genAssign (pointer)
   03D5 3E 01              1044 	ld	a,#0x01
   03D7 12                 1045 	ld	(de),a
                           1046 ; genPlus
                           1047 ; genPlusIncr
   03D8 11 A4 00           1048 	ld	de,#_SampleTiles + 0 + 164
                           1049 ; genAssign (pointer)
   03DB 3E 82              1050 	ld	a,#0x82
   03DD 12                 1051 	ld	(de),a
                           1052 ; genPlus
                           1053 ; genPlusIncr
   03DE 11 A5 00           1054 	ld	de,#_SampleTiles + 0 + 165
                           1055 ; genAssign (pointer)
   03E1 3E 7D              1056 	ld	a,#0x7D
   03E3 12                 1057 	ld	(de),a
                           1058 ; genPlus
                           1059 ; genPlusIncr
   03E4 11 A6 00           1060 	ld	de,#_SampleTiles + 0 + 166
                           1061 ; genAssign (pointer)
   03E7 3E BA              1062 	ld	a,#0xBA
   03E9 12                 1063 	ld	(de),a
                           1064 ; genPlus
                           1065 ; genPlusIncr
   03EA 11 A7 00           1066 	ld	de,#_SampleTiles + 0 + 167
                           1067 ; genAssign (pointer)
   03ED 3E 45              1068 	ld	a,#0x45
   03EF 12                 1069 	ld	(de),a
                           1070 ; genPlus
                           1071 ; genPlusIncr
   03F0 11 A8 00           1072 	ld	de,#_SampleTiles + 0 + 168
                           1073 ; genAssign (pointer)
   03F3 3E BA              1074 	ld	a,#0xBA
   03F5 12                 1075 	ld	(de),a
                           1076 ; genPlus
                           1077 ; genPlusIncr
   03F6 11 A9 00           1078 	ld	de,#_SampleTiles + 0 + 169
                           1079 ; genAssign (pointer)
   03F9 3E 45              1080 	ld	a,#0x45
   03FB 12                 1081 	ld	(de),a
                           1082 ; genPlus
                           1083 ; genPlusIncr
   03FC 11 AA 00           1084 	ld	de,#_SampleTiles + 0 + 170
                           1085 ; genAssign (pointer)
   03FF 3E BA              1086 	ld	a,#0xBA
   0401 12                 1087 	ld	(de),a
                           1088 ; genPlus
                           1089 ; genPlusIncr
   0402 11 AB 00           1090 	ld	de,#_SampleTiles + 0 + 171
                           1091 ; genAssign (pointer)
   0405 3E 45              1092 	ld	a,#0x45
   0407 12                 1093 	ld	(de),a
                           1094 ; genPlus
                           1095 ; genPlusIncr
   0408 11 AC 00           1096 	ld	de,#_SampleTiles + 0 + 172
                           1097 ; genAssign (pointer)
   040B 3E 82              1098 	ld	a,#0x82
   040D 12                 1099 	ld	(de),a
                           1100 ; genPlus
                           1101 ; genPlusIncr
   040E 11 AD 00           1102 	ld	de,#_SampleTiles + 0 + 173
                           1103 ; genAssign (pointer)
   0411 3E 7D              1104 	ld	a,#0x7D
   0413 12                 1105 	ld	(de),a
                           1106 ; genPlus
                           1107 ; genPlusIncr
   0414 11 AE 00           1108 	ld	de,#_SampleTiles + 0 + 174
                           1109 ; genAssign (pointer)
   0417 3E FE              1110 	ld	a,#0xFE
   0419 12                 1111 	ld	(de),a
                           1112 ; genPlus
                           1113 ; genPlusIncr
   041A 11 AF 00           1114 	ld	de,#_SampleTiles + 0 + 175
                           1115 ; genAssign (pointer)
   041D 3E 01              1116 	ld	a,#0x01
   041F 12                 1117 	ld	(de),a
                           1118 ; genPlus
                           1119 ; genPlusIncr
   0420 11 B0 00           1120 	ld	de,#_SampleTiles + 0 + 176
                           1121 ; genAssign (pointer)
   0423 3E FE              1122 	ld	a,#0xFE
   0425 12                 1123 	ld	(de),a
                           1124 ; genPlus
                           1125 ; genPlusIncr
   0426 11 B1 00           1126 	ld	de,#_SampleTiles + 0 + 177
                           1127 ; genAssign (pointer)
   0429 3E 01              1128 	ld	a,#0x01
   042B 12                 1129 	ld	(de),a
                           1130 ; genPlus
                           1131 ; genPlusIncr
   042C 11 B2 00           1132 	ld	de,#_SampleTiles + 0 + 178
                           1133 ; genAssign (pointer)
   042F 3E 82              1134 	ld	a,#0x82
   0431 12                 1135 	ld	(de),a
                           1136 ; genPlus
                           1137 ; genPlusIncr
   0432 11 B3 00           1138 	ld	de,#_SampleTiles + 0 + 179
                           1139 ; genAssign (pointer)
   0435 3E 7D              1140 	ld	a,#0x7D
   0437 12                 1141 	ld	(de),a
                           1142 ; genPlus
                           1143 ; genPlusIncr
   0438 11 B4 00           1144 	ld	de,#_SampleTiles + 0 + 180
                           1145 ; genAssign (pointer)
   043B 3E BA              1146 	ld	a,#0xBA
   043D 12                 1147 	ld	(de),a
                           1148 ; genPlus
                           1149 ; genPlusIncr
   043E 11 B5 00           1150 	ld	de,#_SampleTiles + 0 + 181
                           1151 ; genAssign (pointer)
   0441 3E 45              1152 	ld	a,#0x45
   0443 12                 1153 	ld	(de),a
                           1154 ; genPlus
                           1155 ; genPlusIncr
   0444 11 B6 00           1156 	ld	de,#_SampleTiles + 0 + 182
                           1157 ; genAssign (pointer)
   0447 3E BA              1158 	ld	a,#0xBA
   0449 12                 1159 	ld	(de),a
                           1160 ; genPlus
                           1161 ; genPlusIncr
   044A 11 B7 00           1162 	ld	de,#_SampleTiles + 0 + 183
                           1163 ; genAssign (pointer)
   044D 3E 45              1164 	ld	a,#0x45
   044F 12                 1165 	ld	(de),a
                           1166 ; genPlus
                           1167 ; genPlusIncr
   0450 11 B8 00           1168 	ld	de,#_SampleTiles + 0 + 184
                           1169 ; genAssign (pointer)
   0453 3E BA              1170 	ld	a,#0xBA
   0455 12                 1171 	ld	(de),a
                           1172 ; genPlus
                           1173 ; genPlusIncr
   0456 11 B9 00           1174 	ld	de,#_SampleTiles + 0 + 185
                           1175 ; genAssign (pointer)
   0459 3E 45              1176 	ld	a,#0x45
   045B 12                 1177 	ld	(de),a
                           1178 ; genPlus
                           1179 ; genPlusIncr
   045C 11 BA 00           1180 	ld	de,#_SampleTiles + 0 + 186
                           1181 ; genAssign (pointer)
   045F 3E 82              1182 	ld	a,#0x82
   0461 12                 1183 	ld	(de),a
                           1184 ; genPlus
                           1185 ; genPlusIncr
   0462 11 BB 00           1186 	ld	de,#_SampleTiles + 0 + 187
                           1187 ; genAssign (pointer)
   0465 3E 7D              1188 	ld	a,#0x7D
   0467 12                 1189 	ld	(de),a
                           1190 ; genPlus
                           1191 ; genPlusIncr
   0468 11 BC 00           1192 	ld	de,#_SampleTiles + 0 + 188
                           1193 ; genAssign (pointer)
   046B 3E FE              1194 	ld	a,#0xFE
   046D 12                 1195 	ld	(de),a
                           1196 ; genPlus
                           1197 ; genPlusIncr
   046E 11 BD 00           1198 	ld	de,#_SampleTiles + 0 + 189
                           1199 ; genAssign (pointer)
   0471 3E 01              1200 	ld	a,#0x01
   0473 12                 1201 	ld	(de),a
                           1202 ; genPlus
                           1203 ; genPlusIncr
   0474 11 BE 00           1204 	ld	de,#_SampleTiles + 0 + 190
                           1205 ; genAssign (pointer)
   0477 3E 00              1206 	ld	a,#0x00
   0479 12                 1207 	ld	(de),a
                           1208 ; genPlus
                           1209 ; genPlusIncr
   047A 11 BF 00           1210 	ld	de,#_SampleTiles + 0 + 191
                           1211 ; genAssign (pointer)
   047D 3E FF              1212 	ld	a,#0xFF
   047F 12                 1213 	ld	(de),a
                           1214 ;--------------------------------------------------------
                           1215 ; Home
                           1216 ;--------------------------------------------------------
                           1217 	.area _HOME
                           1218 	.area _CODE
                           1219 ;--------------------------------------------------------
                           1220 ; code
                           1221 ;--------------------------------------------------------
                           1222 	.area _CODE
                           1223 ;	C:\\Users\\Pico\\Documents\\GitHub\\Gameboy-Game\\src\\new.c 35
                           1224 ; genLabel
                           1225 ; genFunction
                           1226 ;	---------------------------------
                           1227 ; Function main
                           1228 ; ---------------------------------
   0000                    1229 ___main_start:
   0000                    1230 _main:
   0000 C5                 1231 	push	bc
   0001 E8 FD              1232 	lda	sp,-3(sp)
                           1233 ;	C:\\Users\\Pico\\Documents\\GitHub\\Gameboy-Game\\src\\new.c 38
                           1234 ; genCall
   0003 CD 00 00           1235 	call	_disable_interrupts
                           1236 ;	C:\\Users\\Pico\\Documents\\GitHub\\Gameboy-Game\\src\\new.c 39
                           1237 ; genCall
   0006 CD 00 00           1238 	call	_display_off
                           1239 ;	C:\\Users\\Pico\\Documents\\GitHub\\Gameboy-Game\\src\\new.c 40
                           1240 ; genAssign
   0009 11 40 FF           1241 	ld	de,#0xFF40
                           1242 ; genAssign (pointer)
   000C 3E 47              1243 	ld	a,#0x47
   000E 12                 1244 	ld	(de),a
                           1245 ;	C:\\Users\\Pico\\Documents\\GitHub\\Gameboy-Game\\src\\new.c 41
                           1246 ; genAssign
                           1247 ; AOP_STK for _main_sloc0_1_0
   000F F8 00              1248 	lda	hl,0(sp)
   0011 36 47              1249 	ld	(hl),#0x47
   0013 23                 1250 	inc	hl
   0014 36 FF              1251 	ld	(hl),#0xFF
                           1252 ; genAssign
   0016 01 48 FF           1253 	ld	bc,#0xFF48
                           1254 ; genAssign
   0019 11 49 FF           1255 	ld	de,#0xFF49
                           1256 ; genAssign (pointer)
   001C 3E E4              1257 	ld	a,#0xE4
   001E 12                 1258 	ld	(de),a
                           1259 ; genAssign (pointer)
   001F 3E E4              1260 	ld	a,#0xE4
   0021 02                 1261 	ld	(bc),a
                           1262 ; genAssign (pointer)
                           1263 ; AOP_STK for _main_sloc0_1_0
   0022 2B                 1264 	dec	hl
   0023 5E                 1265 	ld	e,(hl)
   0024 23                 1266 	inc	hl
   0025 56                 1267 	ld	d,(hl)
   0026 3E E4              1268 	ld	a,#0xE4
   0028 12                 1269 	ld	(de),a
                           1270 ;	C:\\Users\\Pico\\Documents\\GitHub\\Gameboy-Game\\src\\new.c 42
                           1271 ; genIpush
   0029 21 00 00           1272 	ld	hl,#_SampleTiles + 0
   002C E5                 1273 	push	hl
                           1274 ; genIpush
   002D 3E 08              1275 	ld	a,#0x08
   002F F5                 1276 	push	af
   0030 33                 1277 	inc	sp
                           1278 ; genIpush
   0031 3E 00              1279 	ld	a,#0x00
   0033 F5                 1280 	push	af
   0034 33                 1281 	inc	sp
                           1282 ; genCall
   0035 CD 00 00           1283 	call	_set_bkg_data
   0038 E8 04              1284 	lda	sp,4(sp)
                           1285 ;	C:\\Users\\Pico\\Documents\\GitHub\\Gameboy-Game\\src\\new.c 51
                           1286 ; genAssign
                           1287 ; AOP_STK for _main_i_1_1
   003A F8 02              1288 	lda	hl,2(sp)
   003C 36 00              1289 	ld	(hl),#0x00
                           1290 ; genLabel
   003E                    1291 00108$:
                           1292 ; genCmpLt
                           1293 ; AOP_STK for _main_i_1_1
   003E F8 02              1294 	lda	hl,2(sp)
   0040 7E                 1295 	ld	a,(hl)
   0041 FE 20              1296 	cp	#0x20
   0043 D2 80 00           1297 	jp	nc,00111$
                           1298 ;	C:\\Users\\Pico\\Documents\\GitHub\\Gameboy-Game\\src\\new.c 52
                           1299 ; genAssign
   0046 06 00              1300 	ld	b,#0x00
                           1301 ; genLabel
   0048                    1302 00104$:
                           1303 ; genCmpLt
                           1304 ; AOP_STK for _main_sloc0_1_0
   0048 78                 1305 	ld	a,b
   0049 FE 20              1306 	cp	#0x20
   004B 3E 00              1307 	ld	a,#0x00
   004D 17                 1308 	rla
   004E F8 00              1309 	lda	hl,0(sp)
   0050 77                 1310 	ld	(hl),a
                           1311 ; genIfx
                           1312 ; AOP_STK for _main_sloc0_1_0
                           1313 ; Removed redundent or a,a
   0051 AF                 1314 	xor	a,a
   0052 B6                 1315 	or	a,(hl)
   0053 CA 77 00           1316 	jp	z,00110$
                           1317 ;	C:\\Users\\Pico\\Documents\\GitHub\\Gameboy-Game\\src\\new.c 53
                           1318 ; genIpush
   0056 21 A3 00           1319 	ld	hl,#_mapData + 0
   0059 E5                 1320 	push	hl
                           1321 ; genIpush
   005A 3E 08              1322 	ld	a,#0x08
   005C F5                 1323 	push	af
   005D 33                 1324 	inc	sp
                           1325 ; genIpush
   005E 3E 08              1326 	ld	a,#0x08
   0060 F5                 1327 	push	af
   0061 33                 1328 	inc	sp
                           1329 ; genIpush
   0062 78                 1330 	ld	a,b
   0063 F5                 1331 	push	af
   0064 33                 1332 	inc	sp
                           1333 ; genIpush
                           1334 ; AOP_STK for _main_i_1_1
   0065 F8 07              1335 	lda	hl,7(sp)
   0067 7E                 1336 	ld	a,(hl)
   0068 F5                 1337 	push	af
   0069 33                 1338 	inc	sp
                           1339 ; genCall
   006A CD 00 00           1340 	call	_set_bkg_tiles
   006D E8 06              1341 	lda	sp,6(sp)
                           1342 ;	C:\\Users\\Pico\\Documents\\GitHub\\Gameboy-Game\\src\\new.c 52
                           1343 ; genPlus
                           1344 ; genPlusIncr
                           1345 ;	genPlusIncr failed
   006F 78                 1346 	ld	a,b
   0070 C6 08              1347 	add	a,#0x08
   0072 4F                 1348 	ld	c,a
                           1349 ; genAssign
   0073 41                 1350 	ld	b,c
                           1351 ; genGoto
   0074 C3 48 00           1352 	jp	00104$
                           1353 ; genLabel
   0077                    1354 00110$:
                           1355 ;	C:\\Users\\Pico\\Documents\\GitHub\\Gameboy-Game\\src\\new.c 51
                           1356 ; genPlus
                           1357 ; AOP_STK for _main_i_1_1
                           1358 ; genPlusIncr
                           1359 ;	genPlusIncr failed
   0077 F8 02              1360 	lda	hl,2(sp)
   0079 7E                 1361 	ld	a,(hl)
   007A C6 08              1362 	add	a,#0x08
   007C 77                 1363 	ld	(hl),a
                           1364 ; genGoto
   007D C3 3E 00           1365 	jp	00108$
                           1366 ; genLabel
   0080                    1367 00111$:
                           1368 ;	C:\\Users\\Pico\\Documents\\GitHub\\Gameboy-Game\\src\\new.c 54
                           1369 ; genAssign
                           1370 ; AOP_STK for _main_sloc0_1_0
   0080 F8 00              1371 	lda	hl,0(sp)
   0082 36 40              1372 	ld	(hl),#0x40
   0084 23                 1373 	inc	hl
   0085 36 FF              1374 	ld	(hl),#0xFF
                           1375 ; genAssign
   0087 11 40 FF           1376 	ld	de,#0xFF40
                           1377 ; genPointerGet
   008A 1A                 1378 	ld	a,(de)
   008B 4F                 1379 	ld	c,a
                           1380 ; genOr
                           1381 ; Type res[2] = l[2]&r[1]
                           1382 ; Size res[1] = l[1]&r[1]
   008C 79                 1383 	ld	a,c
   008D F6 80              1384 	or	a,#0x80
   008F 4F                 1385 	ld	c,a
                           1386 ; genAssign (pointer)
                           1387 ; AOP_STK for _main_sloc0_1_0
   0090 2B                 1388 	dec	hl
   0091 5E                 1389 	ld	e,(hl)
   0092 23                 1390 	inc	hl
   0093 56                 1391 	ld	d,(hl)
   0094 79                 1392 	ld	a,c
   0095 12                 1393 	ld	(de),a
                           1394 ;	C:\\Users\\Pico\\Documents\\GitHub\\Gameboy-Game\\src\\new.c 55
                           1395 ; genCall
   0096 CD 00 00           1396 	call	_enable_interrupts
                           1397 ;	C:\\Users\\Pico\\Documents\\GitHub\\Gameboy-Game\\src\\new.c 57
                           1398 ; genLabel
   0099                    1399 00102$:
                           1400 ;	C:\\Users\\Pico\\Documents\\GitHub\\Gameboy-Game\\src\\new.c 58
                           1401 ; genCall
   0099 CD 00 00           1402 	call	_wait_vbl_done
                           1403 ; genGoto
   009C C3 99 00           1404 	jp	00102$
                           1405 ; genLabel
   009F                    1406 00112$:
                           1407 ; genEndFunction
   009F E8 03              1408 	lda	sp,3(sp)
   00A1 C1                 1409 	pop	bc
   00A2 C9                 1410 	ret
   00A3                    1411 ___main_end:
   00A3                    1412 _mapData:
   00A3 00                 1413 	.db #0x00
   00A4 02                 1414 	.db #0x02
   00A5 00                 1415 	.db #0x00
   00A6 02                 1416 	.db #0x02
   00A7 00                 1417 	.db #0x00
   00A8 02                 1418 	.db #0x02
   00A9 00                 1419 	.db #0x00
   00AA 02                 1420 	.db #0x02
   00AB 01                 1421 	.db #0x01
   00AC 03                 1422 	.db #0x03
   00AD 01                 1423 	.db #0x01
   00AE 03                 1424 	.db #0x03
   00AF 01                 1425 	.db #0x01
   00B0 03                 1426 	.db #0x03
   00B1 01                 1427 	.db #0x01
   00B2 03                 1428 	.db #0x03
   00B3 00                 1429 	.db #0x00
   00B4 02                 1430 	.db #0x02
   00B5 00                 1431 	.db #0x00
   00B6 02                 1432 	.db #0x02
   00B7 00                 1433 	.db #0x00
   00B8 02                 1434 	.db #0x02
   00B9 00                 1435 	.db #0x00
   00BA 02                 1436 	.db #0x02
   00BB 01                 1437 	.db #0x01
   00BC 03                 1438 	.db #0x03
   00BD 01                 1439 	.db #0x01
   00BE 03                 1440 	.db #0x03
   00BF 01                 1441 	.db #0x01
   00C0 03                 1442 	.db #0x03
   00C1 01                 1443 	.db #0x01
   00C2 03                 1444 	.db #0x03
   00C3 00                 1445 	.db #0x00
   00C4 02                 1446 	.db #0x02
   00C5 00                 1447 	.db #0x00
   00C6 02                 1448 	.db #0x02
   00C7 00                 1449 	.db #0x00
   00C8 02                 1450 	.db #0x02
   00C9 00                 1451 	.db #0x00
   00CA 02                 1452 	.db #0x02
   00CB 01                 1453 	.db #0x01
   00CC 03                 1454 	.db #0x03
   00CD 01                 1455 	.db #0x01
   00CE 03                 1456 	.db #0x03
   00CF 01                 1457 	.db #0x01
   00D0 03                 1458 	.db #0x03
   00D1 01                 1459 	.db #0x01
   00D2 03                 1460 	.db #0x03
   00D3 04                 1461 	.db #0x04
   00D4 06                 1462 	.db #0x06
   00D5 04                 1463 	.db #0x04
   00D6 06                 1464 	.db #0x06
   00D7 04                 1465 	.db #0x04
   00D8 06                 1466 	.db #0x06
   00D9 04                 1467 	.db #0x04
   00DA 06                 1468 	.db #0x06
   00DB 05                 1469 	.db #0x05
   00DC 07                 1470 	.db #0x07
   00DD 05                 1471 	.db #0x05
   00DE 07                 1472 	.db #0x07
   00DF 05                 1473 	.db #0x05
   00E0 07                 1474 	.db #0x07
   00E1 05                 1475 	.db #0x05
   00E2 07                 1476 	.db #0x07
                           1477 	.area _CODE
ASxxxx Assembler V01.75  (GameBoy Z80-like CPU), page 1.

Symbol Table

  1 _SampleTiles                       0000 GR
  0 ___main_end                        00A3 R
  0 ___main_start                      0000 R
    __cpu                              **** GX
    __io_in                            **** GX
    __io_out                           **** GX
    __io_status                        **** GX
    _disable_interrupts                **** GX
    _display_off                       **** GX
    _enable_interrupts                 **** GX
  0 _main                              0000 GR
  0 _mapData                           00A3 GR
    _set_bkg_data                      **** GX
    _set_bkg_tiles                     **** GX
    _sys_time                          **** GX
    _wait_vbl_done                     **** GX

ASxxxx Assembler V01.75  (GameBoy Z80-like CPU), page 2.

Area Table

   0 _CODE                              size   E3   flags 0
   1 _DATA                              size   C0   flags 0
   2 _OVERLAY                           size    0   flags 0
   3 _ISEG                              size    0   flags 0
   4 _BSEG                              size    0   flags 0
   5 _XSEG                              size    0   flags 0
   6 _GSINIT                            size  480   flags 0
   7 _GSFINAL                           size    0   flags 0
   8 _HOME                              size    0   flags 0
