AREA .  .ABS.
	RADIX HEX
	BASE 0000
	SIZE 0000
	ATTRIB ABS OVR
	GLOBALS
		l__HEAP	0000
		l__BSEG	0000
		l_.  .ABS.	0000
		l__GSFINAL	0000
		l__ISEG	0000
		s_.  .ABS.	0000
		s__HEADER	0000
		l__XSEG	0000
		.init	0000
		l__OVERLAY	0000
		l__LIT	0000
		l__GSINITTAIL	0001
		l__BSS	0059
		l__DATA	00C0
		l__CODE	00E3
		l__BASE	011C
		l__HOME	01AC
		l__HEADER	01E1
		s__CODE	0200
		s__HOME	02E3
		l__GSINIT	0480
		s__BASE	048F
		s__LIT	05AB
		s__GSINIT	05AB
		s__GSINITTAIL	0A2B
		s__GSFINAL	0A2C
		.OAM	C000
		s__DATA	C0A0
		s__BSS	C160
		s__HEAP	C1B9
		s__BSEG	C1B9
		s__ISEG	C1B9
		s__XSEG	C1B9
		s__OVERLAY	C1B9
		.STACK	E000
		.refresh_OAM	FF80
AREA _CODE
	RADIX HEX
	BASE 0200
	SIZE 00E3
	ATTRIB REL CON
	GLOBALS
		_main	0200
		_mapData	02A3
AREA _HEADER
	RADIX HEX
	BASE 0000
	SIZE 01E1
	ATTRIB ABS OVR
	GLOBALS
		_exit	01D2
AREA _HOME
	RADIX HEX
	BASE 02E3
	SIZE 01AC
	ATTRIB REL CON
	GLOBALS
		.set_mode	02E3
		.remove_VBL	02F3
		.remove_LCD	02F9
		.remove_TIM	02FF
		.remove_SIO	0305
		.remove_JOY	030B
		.add_VBL	0311
		.add_LCD	0317
		.add_TIM	031D
		.add_SIO	0323
		.add_JOY	0329
		.remove_int	032F
		.add_int	034F
		.wait_vbl_done	036B
		_wait_vbl_done	036B
		_display_off	0382
		.display_off	0382
		.serial_IO	03A3
		_mode	03D2
		_get_mode	03DB
		_enable_interrupts	03E0
		_disable_interrupts	03E2
		_reset	03E4
		.reset	03E4
		_set_interrupts	03EA
		_remove_VBL	03F5
		_remove_LCD	0400
		_remove_TIM	040B
		_remove_SIO	0416
		_remove_JOY	0421
		_add_VBL	042C
		_add_LCD	0437
		_add_TIM	0442
		_add_SIO	044D
		_add_JOY	0458
		_clock	0463
		__printTStates	046C
		banked_call	046D
		banked_ret	0486
AREA _BASE
	RADIX HEX
	BASE 048F
	SIZE 011C
	ATTRIB REL CON
	GLOBALS
		_set_win_data	048F
		_set_bkg_data	048F
		_set_sprite_data	04DC
		.copy_vram	050B
		_get_data	051A
		_set_data	051A
		_set_bkg_tiles	052D
		.set_xy_wtt	0541
		.set_xy_btt	0552
		.set_xy_tt	0561
		_set_tiles	0592
AREA _LIT
	RADIX HEX
	BASE 05AB
	SIZE 0000
	ATTRIB REL CON
AREA _GSINIT
	RADIX HEX
	BASE 05AB
	SIZE 0480
	ATTRIB REL CON
	GLOBALS
		gsinit	05AB
AREA _GSINITTAIL
	RADIX HEX
	BASE 0A2B
	SIZE 0001
	ATTRIB REL CON
AREA _GSFINAL
	RADIX HEX
	BASE 0A2C
	SIZE 0000
	ATTRIB REL CON
AREA _DATA
	RADIX HEX
	BASE C0A0
	SIZE 00C0
	ATTRIB REL CON
	GLOBALS
		_SampleTiles	C0A0
AREA _BSS
	RADIX HEX
	BASE C160
	SIZE 0059
	ATTRIB REL CON
	GLOBALS
		__cpu	C160
		.mode	C161
		__io_out	C162
		__io_in	C163
		__io_status	C164
		.vbl_done	C165
		__current_bank	C166
		_sys_time	C167
		.sys_time	C167
		.int_0x40	C169
		.int_0x48	C179
		.int_0x50	C189
		.int_0x58	C199
		.int_0x60	C1A9
AREA _HEAP
	RADIX HEX
	BASE C1B9
	SIZE 0000
	ATTRIB REL CON
	GLOBALS
		_malloc_heap_start	C1B9
AREA _OVERLAY
	RADIX HEX
	BASE C1B9
	SIZE 0000
	ATTRIB REL CON
AREA _ISEG
	RADIX HEX
	BASE C1B9
	SIZE 0000
	ATTRIB REL CON
AREA _BSEG
	RADIX HEX
	BASE C1B9
	SIZE 0000
	ATTRIB REL CON
AREA _XSEG
	RADIX HEX
	BASE C1B9
	SIZE 0000
	ATTRIB REL CON
MODULES
	FILE c:\gbdk\lib/small/asxxxx/gb/crt0.o
		NAME Runtime
	FILE C:\Users\Pico\Documents\GitHub\Gameboy-Game\src\new.o
		NAME lcc92200
LIBRARIES
	LIBRARY c:\gbdk\lib/small/asxxxx/gb/gb.lib
		MODULE set_data.o
	LIBRARY c:\gbdk\lib/small/asxxxx/gb/gb.lib
		MODULE cpy_data.o
	LIBRARY c:\gbdk\lib/small/asxxxx/gb/gb.lib
		MODULE set_bk_t.o
	LIBRARY c:\gbdk\lib/small/asxxxx/gb/gb.lib
		MODULE set_xy_t.o
USERBASEDEF
	_CODE=0x0200
	_DATA=0xC0A0
	_CODE_1=0x4000
USERGLOBALDEF
	.OAM=0xC000
	.STACK=0xE000
	.refresh_OAM=0xFF80
	.init=0x0000
