                              1 ;--------------------------------------------------------
                              2 ; File Created by SDCC : FreeWare ANSI-C Compiler
                              3 ; Version 2.2.1 Sun Aug 03 16:27:12 2014
                              4 
                              5 ;--------------------------------------------------------
                              6 	.module lcc102280
                              7 	
                              8 ;--------------------------------------------------------
                              9 ; Public variables in this module
                             10 ;--------------------------------------------------------
                             11 	.globl _main
                             12 	.globl _set_bkg_tiles
                             13 	.globl _set_bkg_data
                             14 	.globl _display_off
                             15 	.globl _wait_vbl_done
                             16 	.globl _disable_interrupts
                             17 	.globl _enable_interrupts
                             18 	.globl _SampleTiles
                             19 	.globl _mapData
                             20 	.globl _std_data
                             21 	.globl _main
                             22 ;--------------------------------------------------------
                             23 ; Externals used
                             24 ;--------------------------------------------------------
                             25 	.globl __io_out
                             26 	.globl __io_in
                             27 	.globl __io_status
                             28 	.globl _sys_time
                             29 	.globl __cpu
                             30 ;--------------------------------------------------------
                             31 ; special function registers
                             32 ;--------------------------------------------------------
                             33 ;--------------------------------------------------------
                             34 ; special function bits 
                             35 ;--------------------------------------------------------
                             36 ;--------------------------------------------------------
                             37 ; internal ram data
                             38 ;--------------------------------------------------------
                             39 	.area _DATA
   0000                      40 _SampleTiles::
   0000                      41 	.ds 128
                             42 ;--------------------------------------------------------
                             43 ; overlayable items in internal ram 
                             44 ;--------------------------------------------------------
                             45 	.area _OVERLAY
                             46 ;--------------------------------------------------------
                             47 ; indirectly addressable internal ram data
                             48 ;--------------------------------------------------------
                             49 	.area _ISEG
                             50 ;--------------------------------------------------------
                             51 ; bit data
                             52 ;--------------------------------------------------------
                             53 	.area _BSEG
                             54 ;--------------------------------------------------------
                             55 ; external ram data
                             56 ;--------------------------------------------------------
                             57 	.area _XSEG
                             58 ;--------------------------------------------------------
                             59 ; global & static initialisations
                             60 ;--------------------------------------------------------
                             61 	.area _GSINIT
                             62 	.area _GSFINAL
                             63 	.area _GSINIT
                             64 ;	C:\\Users\\Pico\\Documents\\GitHub\\Gameboy-Game\\src\\new.c 125
                             65 ; genAssign (pointer)
   0000 11 00 00             66 	ld	de,#_SampleTiles + 0
   0003 3E 00                67 	ld	a,#0x00
   0005 12                   68 	ld	(de),a
                             69 ; genPlus
                             70 ; genPlusIncr
   0006 11 01 00             71 	ld	de,#_SampleTiles + 0 + 1
                             72 ; genAssign (pointer)
   0009 3E 00                73 	ld	a,#0x00
   000B 12                   74 	ld	(de),a
                             75 ; genPlus
                             76 ; genPlusIncr
   000C 11 02 00             77 	ld	de,#_SampleTiles + 0 + 2
                             78 ; genAssign (pointer)
   000F 3E 00                79 	ld	a,#0x00
   0011 12                   80 	ld	(de),a
                             81 ; genPlus
                             82 ; genPlusIncr
   0012 11 03 00             83 	ld	de,#_SampleTiles + 0 + 3
                             84 ; genAssign (pointer)
   0015 3E 00                85 	ld	a,#0x00
   0017 12                   86 	ld	(de),a
                             87 ; genPlus
                             88 ; genPlusIncr
   0018 11 04 00             89 	ld	de,#_SampleTiles + 0 + 4
                             90 ; genAssign (pointer)
   001B 3E 60                91 	ld	a,#0x60
   001D 12                   92 	ld	(de),a
                             93 ; genPlus
                             94 ; genPlusIncr
   001E 11 05 00             95 	ld	de,#_SampleTiles + 0 + 5
                             96 ; genAssign (pointer)
   0021 3E 00                97 	ld	a,#0x00
   0023 12                   98 	ld	(de),a
                             99 ; genPlus
                            100 ; genPlusIncr
   0024 11 06 00            101 	ld	de,#_SampleTiles + 0 + 6
                            102 ; genAssign (pointer)
   0027 3E 00               103 	ld	a,#0x00
   0029 12                  104 	ld	(de),a
                            105 ; genPlus
                            106 ; genPlusIncr
   002A 11 07 00            107 	ld	de,#_SampleTiles + 0 + 7
                            108 ; genAssign (pointer)
   002D 3E 00               109 	ld	a,#0x00
   002F 12                  110 	ld	(de),a
                            111 ; genPlus
                            112 ; genPlusIncr
   0030 11 08 00            113 	ld	de,#_SampleTiles + 0 + 8
                            114 ; genAssign (pointer)
   0033 3E 00               115 	ld	a,#0x00
   0035 12                  116 	ld	(de),a
                            117 ; genPlus
                            118 ; genPlusIncr
   0036 11 09 00            119 	ld	de,#_SampleTiles + 0 + 9
                            120 ; genAssign (pointer)
   0039 3E 00               121 	ld	a,#0x00
   003B 12                  122 	ld	(de),a
                            123 ; genPlus
                            124 ; genPlusIncr
   003C 11 0A 00            125 	ld	de,#_SampleTiles + 0 + 10
                            126 ; genAssign (pointer)
   003F 3E 00               127 	ld	a,#0x00
   0041 12                  128 	ld	(de),a
                            129 ; genPlus
                            130 ; genPlusIncr
   0042 11 0B 00            131 	ld	de,#_SampleTiles + 0 + 11
                            132 ; genAssign (pointer)
   0045 3E 00               133 	ld	a,#0x00
   0047 12                  134 	ld	(de),a
                            135 ; genPlus
                            136 ; genPlusIncr
   0048 11 0C 00            137 	ld	de,#_SampleTiles + 0 + 12
                            138 ; genAssign (pointer)
   004B 3E 00               139 	ld	a,#0x00
   004D 12                  140 	ld	(de),a
                            141 ; genPlus
                            142 ; genPlusIncr
   004E 11 0D 00            143 	ld	de,#_SampleTiles + 0 + 13
                            144 ; genAssign (pointer)
   0051 3E 00               145 	ld	a,#0x00
   0053 12                  146 	ld	(de),a
                            147 ; genPlus
                            148 ; genPlusIncr
   0054 11 0E 00            149 	ld	de,#_SampleTiles + 0 + 14
                            150 ; genAssign (pointer)
   0057 3E FF               151 	ld	a,#0xFF
   0059 12                  152 	ld	(de),a
                            153 ; genPlus
                            154 ; genPlusIncr
   005A 11 0F 00            155 	ld	de,#_SampleTiles + 0 + 15
                            156 ; genAssign (pointer)
   005D 3E 00               157 	ld	a,#0x00
   005F 12                  158 	ld	(de),a
                            159 ; genPlus
                            160 ; genPlusIncr
   0060 11 10 00            161 	ld	de,#_SampleTiles + 0 + 16
                            162 ; genAssign (pointer)
   0063 3E 78               163 	ld	a,#0x78
   0065 12                  164 	ld	(de),a
                            165 ; genPlus
                            166 ; genPlusIncr
   0066 11 11 00            167 	ld	de,#_SampleTiles + 0 + 17
                            168 ; genAssign (pointer)
   0069 3E 00               169 	ld	a,#0x00
   006B 12                  170 	ld	(de),a
                            171 ; genPlus
                            172 ; genPlusIncr
   006C 11 12 00            173 	ld	de,#_SampleTiles + 0 + 18
                            174 ; genAssign (pointer)
   006F 3E 00               175 	ld	a,#0x00
   0071 12                  176 	ld	(de),a
                            177 ; genPlus
                            178 ; genPlusIncr
   0072 11 13 00            179 	ld	de,#_SampleTiles + 0 + 19
                            180 ; genAssign (pointer)
   0075 3E 00               181 	ld	a,#0x00
   0077 12                  182 	ld	(de),a
                            183 ; genPlus
                            184 ; genPlusIncr
   0078 11 14 00            185 	ld	de,#_SampleTiles + 0 + 20
                            186 ; genAssign (pointer)
   007B 3E 00               187 	ld	a,#0x00
   007D 12                  188 	ld	(de),a
                            189 ; genPlus
                            190 ; genPlusIncr
   007E 11 15 00            191 	ld	de,#_SampleTiles + 0 + 21
                            192 ; genAssign (pointer)
   0081 3E 00               193 	ld	a,#0x00
   0083 12                  194 	ld	(de),a
                            195 ; genPlus
                            196 ; genPlusIncr
   0084 11 16 00            197 	ld	de,#_SampleTiles + 0 + 22
                            198 ; genAssign (pointer)
   0087 3E 00               199 	ld	a,#0x00
   0089 12                  200 	ld	(de),a
                            201 ; genPlus
                            202 ; genPlusIncr
   008A 11 17 00            203 	ld	de,#_SampleTiles + 0 + 23
                            204 ; genAssign (pointer)
   008D 3E 00               205 	ld	a,#0x00
   008F 12                  206 	ld	(de),a
                            207 ; genPlus
                            208 ; genPlusIncr
   0090 11 18 00            209 	ld	de,#_SampleTiles + 0 + 24
                            210 ; genAssign (pointer)
   0093 3E 00               211 	ld	a,#0x00
   0095 12                  212 	ld	(de),a
                            213 ; genPlus
                            214 ; genPlusIncr
   0096 11 19 00            215 	ld	de,#_SampleTiles + 0 + 25
                            216 ; genAssign (pointer)
   0099 3E 00               217 	ld	a,#0x00
   009B 12                  218 	ld	(de),a
                            219 ; genPlus
                            220 ; genPlusIncr
   009C 11 1A 00            221 	ld	de,#_SampleTiles + 0 + 26
                            222 ; genAssign (pointer)
   009F 3E 00               223 	ld	a,#0x00
   00A1 12                  224 	ld	(de),a
                            225 ; genPlus
                            226 ; genPlusIncr
   00A2 11 1B 00            227 	ld	de,#_SampleTiles + 0 + 27
                            228 ; genAssign (pointer)
   00A5 3E 00               229 	ld	a,#0x00
   00A7 12                  230 	ld	(de),a
                            231 ; genPlus
                            232 ; genPlusIncr
   00A8 11 1C 00            233 	ld	de,#_SampleTiles + 0 + 28
                            234 ; genAssign (pointer)
   00AB 3E 00               235 	ld	a,#0x00
   00AD 12                  236 	ld	(de),a
                            237 ; genPlus
                            238 ; genPlusIncr
   00AE 11 1D 00            239 	ld	de,#_SampleTiles + 0 + 29
                            240 ; genAssign (pointer)
   00B1 3E 00               241 	ld	a,#0x00
   00B3 12                  242 	ld	(de),a
                            243 ; genPlus
                            244 ; genPlusIncr
   00B4 11 1E 00            245 	ld	de,#_SampleTiles + 0 + 30
                            246 ; genAssign (pointer)
   00B7 3E FF               247 	ld	a,#0xFF
   00B9 12                  248 	ld	(de),a
                            249 ; genPlus
                            250 ; genPlusIncr
   00BA 11 1F 00            251 	ld	de,#_SampleTiles + 0 + 31
                            252 ; genAssign (pointer)
   00BD 3E 00               253 	ld	a,#0x00
   00BF 12                  254 	ld	(de),a
                            255 ; genPlus
                            256 ; genPlusIncr
   00C0 11 20 00            257 	ld	de,#_SampleTiles + 0 + 32
                            258 ; genAssign (pointer)
   00C3 3E 00               259 	ld	a,#0x00
   00C5 12                  260 	ld	(de),a
                            261 ; genPlus
                            262 ; genPlusIncr
   00C6 11 21 00            263 	ld	de,#_SampleTiles + 0 + 33
                            264 ; genAssign (pointer)
   00C9 3E 00               265 	ld	a,#0x00
   00CB 12                  266 	ld	(de),a
                            267 ; genPlus
                            268 ; genPlusIncr
   00CC 11 22 00            269 	ld	de,#_SampleTiles + 0 + 34
                            270 ; genAssign (pointer)
   00CF 3E 00               271 	ld	a,#0x00
   00D1 12                  272 	ld	(de),a
                            273 ; genPlus
                            274 ; genPlusIncr
   00D2 11 23 00            275 	ld	de,#_SampleTiles + 0 + 35
                            276 ; genAssign (pointer)
   00D5 3E 00               277 	ld	a,#0x00
   00D7 12                  278 	ld	(de),a
                            279 ; genPlus
                            280 ; genPlusIncr
   00D8 11 24 00            281 	ld	de,#_SampleTiles + 0 + 36
                            282 ; genAssign (pointer)
   00DB 3E 00               283 	ld	a,#0x00
   00DD 12                  284 	ld	(de),a
                            285 ; genPlus
                            286 ; genPlusIncr
   00DE 11 25 00            287 	ld	de,#_SampleTiles + 0 + 37
                            288 ; genAssign (pointer)
   00E1 3E 00               289 	ld	a,#0x00
   00E3 12                  290 	ld	(de),a
                            291 ; genPlus
                            292 ; genPlusIncr
   00E4 11 26 00            293 	ld	de,#_SampleTiles + 0 + 38
                            294 ; genAssign (pointer)
   00E7 3E 00               295 	ld	a,#0x00
   00E9 12                  296 	ld	(de),a
                            297 ; genPlus
                            298 ; genPlusIncr
   00EA 11 27 00            299 	ld	de,#_SampleTiles + 0 + 39
                            300 ; genAssign (pointer)
   00ED 3E 00               301 	ld	a,#0x00
   00EF 12                  302 	ld	(de),a
                            303 ; genPlus
                            304 ; genPlusIncr
   00F0 11 28 00            305 	ld	de,#_SampleTiles + 0 + 40
                            306 ; genAssign (pointer)
   00F3 3E E0               307 	ld	a,#0xE0
   00F5 12                  308 	ld	(de),a
                            309 ; genPlus
                            310 ; genPlusIncr
   00F6 11 29 00            311 	ld	de,#_SampleTiles + 0 + 41
                            312 ; genAssign (pointer)
   00F9 3E 00               313 	ld	a,#0x00
   00FB 12                  314 	ld	(de),a
                            315 ; genPlus
                            316 ; genPlusIncr
   00FC 11 2A 00            317 	ld	de,#_SampleTiles + 0 + 42
                            318 ; genAssign (pointer)
   00FF 3E 00               319 	ld	a,#0x00
   0101 12                  320 	ld	(de),a
                            321 ; genPlus
                            322 ; genPlusIncr
   0102 11 2B 00            323 	ld	de,#_SampleTiles + 0 + 43
                            324 ; genAssign (pointer)
   0105 3E 00               325 	ld	a,#0x00
   0107 12                  326 	ld	(de),a
                            327 ; genPlus
                            328 ; genPlusIncr
   0108 11 2C 00            329 	ld	de,#_SampleTiles + 0 + 44
                            330 ; genAssign (pointer)
   010B 3E 00               331 	ld	a,#0x00
   010D 12                  332 	ld	(de),a
                            333 ; genPlus
                            334 ; genPlusIncr
   010E 11 2D 00            335 	ld	de,#_SampleTiles + 0 + 45
                            336 ; genAssign (pointer)
   0111 3E 00               337 	ld	a,#0x00
   0113 12                  338 	ld	(de),a
                            339 ; genPlus
                            340 ; genPlusIncr
   0114 11 2E 00            341 	ld	de,#_SampleTiles + 0 + 46
                            342 ; genAssign (pointer)
   0117 3E FF               343 	ld	a,#0xFF
   0119 12                  344 	ld	(de),a
                            345 ; genPlus
                            346 ; genPlusIncr
   011A 11 2F 00            347 	ld	de,#_SampleTiles + 0 + 47
                            348 ; genAssign (pointer)
   011D 3E 00               349 	ld	a,#0x00
   011F 12                  350 	ld	(de),a
                            351 ; genPlus
                            352 ; genPlusIncr
   0120 11 30 00            353 	ld	de,#_SampleTiles + 0 + 48
                            354 ; genAssign (pointer)
   0123 3E 00               355 	ld	a,#0x00
   0125 12                  356 	ld	(de),a
                            357 ; genPlus
                            358 ; genPlusIncr
   0126 11 31 00            359 	ld	de,#_SampleTiles + 0 + 49
                            360 ; genAssign (pointer)
   0129 3E 00               361 	ld	a,#0x00
   012B 12                  362 	ld	(de),a
                            363 ; genPlus
                            364 ; genPlusIncr
   012C 11 32 00            365 	ld	de,#_SampleTiles + 0 + 50
                            366 ; genAssign (pointer)
   012F 3E 00               367 	ld	a,#0x00
   0131 12                  368 	ld	(de),a
                            369 ; genPlus
                            370 ; genPlusIncr
   0132 11 33 00            371 	ld	de,#_SampleTiles + 0 + 51
                            372 ; genAssign (pointer)
   0135 3E 00               373 	ld	a,#0x00
   0137 12                  374 	ld	(de),a
                            375 ; genPlus
                            376 ; genPlusIncr
   0138 11 34 00            377 	ld	de,#_SampleTiles + 0 + 52
                            378 ; genAssign (pointer)
   013B 3E 00               379 	ld	a,#0x00
   013D 12                  380 	ld	(de),a
                            381 ; genPlus
                            382 ; genPlusIncr
   013E 11 35 00            383 	ld	de,#_SampleTiles + 0 + 53
                            384 ; genAssign (pointer)
   0141 3E 00               385 	ld	a,#0x00
   0143 12                  386 	ld	(de),a
                            387 ; genPlus
                            388 ; genPlusIncr
   0144 11 36 00            389 	ld	de,#_SampleTiles + 0 + 54
                            390 ; genAssign (pointer)
   0147 3E 06               391 	ld	a,#0x06
   0149 12                  392 	ld	(de),a
                            393 ; genPlus
                            394 ; genPlusIncr
   014A 11 37 00            395 	ld	de,#_SampleTiles + 0 + 55
                            396 ; genAssign (pointer)
   014D 3E 00               397 	ld	a,#0x00
   014F 12                  398 	ld	(de),a
                            399 ; genPlus
                            400 ; genPlusIncr
   0150 11 38 00            401 	ld	de,#_SampleTiles + 0 + 56
                            402 ; genAssign (pointer)
   0153 3E 00               403 	ld	a,#0x00
   0155 12                  404 	ld	(de),a
                            405 ; genPlus
                            406 ; genPlusIncr
   0156 11 39 00            407 	ld	de,#_SampleTiles + 0 + 57
                            408 ; genAssign (pointer)
   0159 3E 00               409 	ld	a,#0x00
   015B 12                  410 	ld	(de),a
                            411 ; genPlus
                            412 ; genPlusIncr
   015C 11 3A 00            413 	ld	de,#_SampleTiles + 0 + 58
                            414 ; genAssign (pointer)
   015F 3E 00               415 	ld	a,#0x00
   0161 12                  416 	ld	(de),a
                            417 ; genPlus
                            418 ; genPlusIncr
   0162 11 3B 00            419 	ld	de,#_SampleTiles + 0 + 59
                            420 ; genAssign (pointer)
   0165 3E 00               421 	ld	a,#0x00
   0167 12                  422 	ld	(de),a
                            423 ; genPlus
                            424 ; genPlusIncr
   0168 11 3C 00            425 	ld	de,#_SampleTiles + 0 + 60
                            426 ; genAssign (pointer)
   016B 3E E0               427 	ld	a,#0xE0
   016D 12                  428 	ld	(de),a
                            429 ; genPlus
                            430 ; genPlusIncr
   016E 11 3D 00            431 	ld	de,#_SampleTiles + 0 + 61
                            432 ; genAssign (pointer)
   0171 3E 00               433 	ld	a,#0x00
   0173 12                  434 	ld	(de),a
                            435 ; genPlus
                            436 ; genPlusIncr
   0174 11 3E 00            437 	ld	de,#_SampleTiles + 0 + 62
                            438 ; genAssign (pointer)
   0177 3E FF               439 	ld	a,#0xFF
   0179 12                  440 	ld	(de),a
                            441 ; genPlus
                            442 ; genPlusIncr
   017A 11 3F 00            443 	ld	de,#_SampleTiles + 0 + 63
                            444 ; genAssign (pointer)
   017D 3E 00               445 	ld	a,#0x00
   017F 12                  446 	ld	(de),a
                            447 ; genPlus
                            448 ; genPlusIncr
   0180 11 40 00            449 	ld	de,#_SampleTiles + 0 + 64
                            450 ; genAssign (pointer)
   0183 3E 00               451 	ld	a,#0x00
   0185 12                  452 	ld	(de),a
                            453 ; genPlus
                            454 ; genPlusIncr
   0186 11 41 00            455 	ld	de,#_SampleTiles + 0 + 65
                            456 ; genAssign (pointer)
   0189 3E 00               457 	ld	a,#0x00
   018B 12                  458 	ld	(de),a
                            459 ; genPlus
                            460 ; genPlusIncr
   018C 11 42 00            461 	ld	de,#_SampleTiles + 0 + 66
                            462 ; genAssign (pointer)
   018F 3E 00               463 	ld	a,#0x00
   0191 12                  464 	ld	(de),a
                            465 ; genPlus
                            466 ; genPlusIncr
   0192 11 43 00            467 	ld	de,#_SampleTiles + 0 + 67
                            468 ; genAssign (pointer)
   0195 3E 00               469 	ld	a,#0x00
   0197 12                  470 	ld	(de),a
                            471 ; genPlus
                            472 ; genPlusIncr
   0198 11 44 00            473 	ld	de,#_SampleTiles + 0 + 68
                            474 ; genAssign (pointer)
   019B 3E 92               475 	ld	a,#0x92
   019D 12                  476 	ld	(de),a
                            477 ; genPlus
                            478 ; genPlusIncr
   019E 11 45 00            479 	ld	de,#_SampleTiles + 0 + 69
                            480 ; genAssign (pointer)
   01A1 3E 00               481 	ld	a,#0x00
   01A3 12                  482 	ld	(de),a
                            483 ; genPlus
                            484 ; genPlusIncr
   01A4 11 46 00            485 	ld	de,#_SampleTiles + 0 + 70
                            486 ; genAssign (pointer)
   01A7 3E 54               487 	ld	a,#0x54
   01A9 12                  488 	ld	(de),a
                            489 ; genPlus
                            490 ; genPlusIncr
   01AA 11 47 00            491 	ld	de,#_SampleTiles + 0 + 71
                            492 ; genAssign (pointer)
   01AD 3E 00               493 	ld	a,#0x00
   01AF 12                  494 	ld	(de),a
                            495 ; genPlus
                            496 ; genPlusIncr
   01B0 11 48 00            497 	ld	de,#_SampleTiles + 0 + 72
                            498 ; genAssign (pointer)
   01B3 3E 24               499 	ld	a,#0x24
   01B5 12                  500 	ld	(de),a
                            501 ; genPlus
                            502 ; genPlusIncr
   01B6 11 49 00            503 	ld	de,#_SampleTiles + 0 + 73
                            504 ; genAssign (pointer)
   01B9 3E 00               505 	ld	a,#0x00
   01BB 12                  506 	ld	(de),a
                            507 ; genPlus
                            508 ; genPlusIncr
   01BC 11 4A 00            509 	ld	de,#_SampleTiles + 0 + 74
                            510 ; genAssign (pointer)
   01BF 3E 00               511 	ld	a,#0x00
   01C1 12                  512 	ld	(de),a
                            513 ; genPlus
                            514 ; genPlusIncr
   01C2 11 4B 00            515 	ld	de,#_SampleTiles + 0 + 75
                            516 ; genAssign (pointer)
   01C5 3E 00               517 	ld	a,#0x00
   01C7 12                  518 	ld	(de),a
                            519 ; genPlus
                            520 ; genPlusIncr
   01C8 11 4C 00            521 	ld	de,#_SampleTiles + 0 + 76
                            522 ; genAssign (pointer)
   01CB 3E 00               523 	ld	a,#0x00
   01CD 12                  524 	ld	(de),a
                            525 ; genPlus
                            526 ; genPlusIncr
   01CE 11 4D 00            527 	ld	de,#_SampleTiles + 0 + 77
                            528 ; genAssign (pointer)
   01D1 3E 00               529 	ld	a,#0x00
   01D3 12                  530 	ld	(de),a
                            531 ; genPlus
                            532 ; genPlusIncr
   01D4 11 4E 00            533 	ld	de,#_SampleTiles + 0 + 78
                            534 ; genAssign (pointer)
   01D7 3E 00               535 	ld	a,#0x00
   01D9 12                  536 	ld	(de),a
                            537 ; genPlus
                            538 ; genPlusIncr
   01DA 11 4F 00            539 	ld	de,#_SampleTiles + 0 + 79
                            540 ; genAssign (pointer)
   01DD 3E 00               541 	ld	a,#0x00
   01DF 12                  542 	ld	(de),a
                            543 ; genPlus
                            544 ; genPlusIncr
   01E0 11 50 00            545 	ld	de,#_SampleTiles + 0 + 80
                            546 ; genAssign (pointer)
   01E3 3E 00               547 	ld	a,#0x00
   01E5 12                  548 	ld	(de),a
                            549 ; genPlus
                            550 ; genPlusIncr
   01E6 11 51 00            551 	ld	de,#_SampleTiles + 0 + 81
                            552 ; genAssign (pointer)
   01E9 3E 00               553 	ld	a,#0x00
   01EB 12                  554 	ld	(de),a
                            555 ; genPlus
                            556 ; genPlusIncr
   01EC 11 52 00            557 	ld	de,#_SampleTiles + 0 + 82
                            558 ; genAssign (pointer)
   01EF 3E 00               559 	ld	a,#0x00
   01F1 12                  560 	ld	(de),a
                            561 ; genPlus
                            562 ; genPlusIncr
   01F2 11 53 00            563 	ld	de,#_SampleTiles + 0 + 83
                            564 ; genAssign (pointer)
   01F5 3E 00               565 	ld	a,#0x00
   01F7 12                  566 	ld	(de),a
                            567 ; genPlus
                            568 ; genPlusIncr
   01F8 11 54 00            569 	ld	de,#_SampleTiles + 0 + 84
                            570 ; genAssign (pointer)
   01FB 3E 00               571 	ld	a,#0x00
   01FD 12                  572 	ld	(de),a
                            573 ; genPlus
                            574 ; genPlusIncr
   01FE 11 55 00            575 	ld	de,#_SampleTiles + 0 + 85
                            576 ; genAssign (pointer)
   0201 3E 00               577 	ld	a,#0x00
   0203 12                  578 	ld	(de),a
                            579 ; genPlus
                            580 ; genPlusIncr
   0204 11 56 00            581 	ld	de,#_SampleTiles + 0 + 86
                            582 ; genAssign (pointer)
   0207 3E 00               583 	ld	a,#0x00
   0209 12                  584 	ld	(de),a
                            585 ; genPlus
                            586 ; genPlusIncr
   020A 11 57 00            587 	ld	de,#_SampleTiles + 0 + 87
                            588 ; genAssign (pointer)
   020D 3E 00               589 	ld	a,#0x00
   020F 12                  590 	ld	(de),a
                            591 ; genPlus
                            592 ; genPlusIncr
   0210 11 58 00            593 	ld	de,#_SampleTiles + 0 + 88
                            594 ; genAssign (pointer)
   0213 3E 00               595 	ld	a,#0x00
   0215 12                  596 	ld	(de),a
                            597 ; genPlus
                            598 ; genPlusIncr
   0216 11 59 00            599 	ld	de,#_SampleTiles + 0 + 89
                            600 ; genAssign (pointer)
   0219 3E 00               601 	ld	a,#0x00
   021B 12                  602 	ld	(de),a
                            603 ; genPlus
                            604 ; genPlusIncr
   021C 11 5A 00            605 	ld	de,#_SampleTiles + 0 + 90
                            606 ; genAssign (pointer)
   021F 3E 00               607 	ld	a,#0x00
   0221 12                  608 	ld	(de),a
                            609 ; genPlus
                            610 ; genPlusIncr
   0222 11 5B 00            611 	ld	de,#_SampleTiles + 0 + 91
                            612 ; genAssign (pointer)
   0225 3E 00               613 	ld	a,#0x00
   0227 12                  614 	ld	(de),a
                            615 ; genPlus
                            616 ; genPlusIncr
   0228 11 5C 00            617 	ld	de,#_SampleTiles + 0 + 92
                            618 ; genAssign (pointer)
   022B 3E 00               619 	ld	a,#0x00
   022D 12                  620 	ld	(de),a
                            621 ; genPlus
                            622 ; genPlusIncr
   022E 11 5D 00            623 	ld	de,#_SampleTiles + 0 + 93
                            624 ; genAssign (pointer)
   0231 3E 00               625 	ld	a,#0x00
   0233 12                  626 	ld	(de),a
                            627 ; genPlus
                            628 ; genPlusIncr
   0234 11 5E 00            629 	ld	de,#_SampleTiles + 0 + 94
                            630 ; genAssign (pointer)
   0237 3E 00               631 	ld	a,#0x00
   0239 12                  632 	ld	(de),a
                            633 ; genPlus
                            634 ; genPlusIncr
   023A 11 5F 00            635 	ld	de,#_SampleTiles + 0 + 95
                            636 ; genAssign (pointer)
   023D 3E 00               637 	ld	a,#0x00
   023F 12                  638 	ld	(de),a
                            639 ; genPlus
                            640 ; genPlusIncr
   0240 11 60 00            641 	ld	de,#_SampleTiles + 0 + 96
                            642 ; genAssign (pointer)
   0243 3E 00               643 	ld	a,#0x00
   0245 12                  644 	ld	(de),a
                            645 ; genPlus
                            646 ; genPlusIncr
   0246 11 61 00            647 	ld	de,#_SampleTiles + 0 + 97
                            648 ; genAssign (pointer)
   0249 3E 00               649 	ld	a,#0x00
   024B 12                  650 	ld	(de),a
                            651 ; genPlus
                            652 ; genPlusIncr
   024C 11 62 00            653 	ld	de,#_SampleTiles + 0 + 98
                            654 ; genAssign (pointer)
   024F 3E 00               655 	ld	a,#0x00
   0251 12                  656 	ld	(de),a
                            657 ; genPlus
                            658 ; genPlusIncr
   0252 11 63 00            659 	ld	de,#_SampleTiles + 0 + 99
                            660 ; genAssign (pointer)
   0255 3E 00               661 	ld	a,#0x00
   0257 12                  662 	ld	(de),a
                            663 ; genPlus
                            664 ; genPlusIncr
   0258 11 64 00            665 	ld	de,#_SampleTiles + 0 + 100
                            666 ; genAssign (pointer)
   025B 3E 00               667 	ld	a,#0x00
   025D 12                  668 	ld	(de),a
                            669 ; genPlus
                            670 ; genPlusIncr
   025E 11 65 00            671 	ld	de,#_SampleTiles + 0 + 101
                            672 ; genAssign (pointer)
   0261 3E 00               673 	ld	a,#0x00
   0263 12                  674 	ld	(de),a
                            675 ; genPlus
                            676 ; genPlusIncr
   0264 11 66 00            677 	ld	de,#_SampleTiles + 0 + 102
                            678 ; genAssign (pointer)
   0267 3E 00               679 	ld	a,#0x00
   0269 12                  680 	ld	(de),a
                            681 ; genPlus
                            682 ; genPlusIncr
   026A 11 67 00            683 	ld	de,#_SampleTiles + 0 + 103
                            684 ; genAssign (pointer)
   026D 3E 00               685 	ld	a,#0x00
   026F 12                  686 	ld	(de),a
                            687 ; genPlus
                            688 ; genPlusIncr
   0270 11 68 00            689 	ld	de,#_SampleTiles + 0 + 104
                            690 ; genAssign (pointer)
   0273 3E 00               691 	ld	a,#0x00
   0275 12                  692 	ld	(de),a
                            693 ; genPlus
                            694 ; genPlusIncr
   0276 11 69 00            695 	ld	de,#_SampleTiles + 0 + 105
                            696 ; genAssign (pointer)
   0279 3E 00               697 	ld	a,#0x00
   027B 12                  698 	ld	(de),a
                            699 ; genPlus
                            700 ; genPlusIncr
   027C 11 6A 00            701 	ld	de,#_SampleTiles + 0 + 106
                            702 ; genAssign (pointer)
   027F 3E 00               703 	ld	a,#0x00
   0281 12                  704 	ld	(de),a
                            705 ; genPlus
                            706 ; genPlusIncr
   0282 11 6B 00            707 	ld	de,#_SampleTiles + 0 + 107
                            708 ; genAssign (pointer)
   0285 3E 00               709 	ld	a,#0x00
   0287 12                  710 	ld	(de),a
                            711 ; genPlus
                            712 ; genPlusIncr
   0288 11 6C 00            713 	ld	de,#_SampleTiles + 0 + 108
                            714 ; genAssign (pointer)
   028B 3E 00               715 	ld	a,#0x00
   028D 12                  716 	ld	(de),a
                            717 ; genPlus
                            718 ; genPlusIncr
   028E 11 6D 00            719 	ld	de,#_SampleTiles + 0 + 109
                            720 ; genAssign (pointer)
   0291 3E 00               721 	ld	a,#0x00
   0293 12                  722 	ld	(de),a
                            723 ; genPlus
                            724 ; genPlusIncr
   0294 11 6E 00            725 	ld	de,#_SampleTiles + 0 + 110
                            726 ; genAssign (pointer)
   0297 3E 00               727 	ld	a,#0x00
   0299 12                  728 	ld	(de),a
                            729 ; genPlus
                            730 ; genPlusIncr
   029A 11 6F 00            731 	ld	de,#_SampleTiles + 0 + 111
                            732 ; genAssign (pointer)
   029D 3E 00               733 	ld	a,#0x00
   029F 12                  734 	ld	(de),a
                            735 ; genPlus
                            736 ; genPlusIncr
   02A0 11 70 00            737 	ld	de,#_SampleTiles + 0 + 112
                            738 ; genAssign (pointer)
   02A3 3E 00               739 	ld	a,#0x00
   02A5 12                  740 	ld	(de),a
                            741 ; genPlus
                            742 ; genPlusIncr
   02A6 11 71 00            743 	ld	de,#_SampleTiles + 0 + 113
                            744 ; genAssign (pointer)
   02A9 3E 00               745 	ld	a,#0x00
   02AB 12                  746 	ld	(de),a
                            747 ; genPlus
                            748 ; genPlusIncr
   02AC 11 72 00            749 	ld	de,#_SampleTiles + 0 + 114
                            750 ; genAssign (pointer)
   02AF 3E 00               751 	ld	a,#0x00
   02B1 12                  752 	ld	(de),a
                            753 ; genPlus
                            754 ; genPlusIncr
   02B2 11 73 00            755 	ld	de,#_SampleTiles + 0 + 115
                            756 ; genAssign (pointer)
   02B5 3E 00               757 	ld	a,#0x00
   02B7 12                  758 	ld	(de),a
                            759 ; genPlus
                            760 ; genPlusIncr
   02B8 11 74 00            761 	ld	de,#_SampleTiles + 0 + 116
                            762 ; genAssign (pointer)
   02BB 3E 80               763 	ld	a,#0x80
   02BD 12                  764 	ld	(de),a
                            765 ; genPlus
                            766 ; genPlusIncr
   02BE 11 75 00            767 	ld	de,#_SampleTiles + 0 + 117
                            768 ; genAssign (pointer)
   02C1 3E 00               769 	ld	a,#0x00
   02C3 12                  770 	ld	(de),a
                            771 ; genPlus
                            772 ; genPlusIncr
   02C4 11 76 00            773 	ld	de,#_SampleTiles + 0 + 118
                            774 ; genAssign (pointer)
   02C7 3E 4A               775 	ld	a,#0x4A
   02C9 12                  776 	ld	(de),a
                            777 ; genPlus
                            778 ; genPlusIncr
   02CA 11 77 00            779 	ld	de,#_SampleTiles + 0 + 119
                            780 ; genAssign (pointer)
   02CD 3E 00               781 	ld	a,#0x00
   02CF 12                  782 	ld	(de),a
                            783 ; genPlus
                            784 ; genPlusIncr
   02D0 11 78 00            785 	ld	de,#_SampleTiles + 0 + 120
                            786 ; genAssign (pointer)
   02D3 3E 54               787 	ld	a,#0x54
   02D5 12                  788 	ld	(de),a
                            789 ; genPlus
                            790 ; genPlusIncr
   02D6 11 79 00            791 	ld	de,#_SampleTiles + 0 + 121
                            792 ; genAssign (pointer)
   02D9 3E 00               793 	ld	a,#0x00
   02DB 12                  794 	ld	(de),a
                            795 ; genPlus
                            796 ; genPlusIncr
   02DC 11 7A 00            797 	ld	de,#_SampleTiles + 0 + 122
                            798 ; genAssign (pointer)
   02DF 3E 24               799 	ld	a,#0x24
   02E1 12                  800 	ld	(de),a
                            801 ; genPlus
                            802 ; genPlusIncr
   02E2 11 7B 00            803 	ld	de,#_SampleTiles + 0 + 123
                            804 ; genAssign (pointer)
   02E5 3E 00               805 	ld	a,#0x00
   02E7 12                  806 	ld	(de),a
                            807 ; genPlus
                            808 ; genPlusIncr
   02E8 11 7C 00            809 	ld	de,#_SampleTiles + 0 + 124
                            810 ; genAssign (pointer)
   02EB 3E 00               811 	ld	a,#0x00
   02ED 12                  812 	ld	(de),a
                            813 ; genPlus
                            814 ; genPlusIncr
   02EE 11 7D 00            815 	ld	de,#_SampleTiles + 0 + 125
                            816 ; genAssign (pointer)
   02F1 3E 00               817 	ld	a,#0x00
   02F3 12                  818 	ld	(de),a
                            819 ; genPlus
                            820 ; genPlusIncr
   02F4 11 7E 00            821 	ld	de,#_SampleTiles + 0 + 126
                            822 ; genAssign (pointer)
   02F7 3E 00               823 	ld	a,#0x00
   02F9 12                  824 	ld	(de),a
                            825 ; genPlus
                            826 ; genPlusIncr
   02FA 11 7F 00            827 	ld	de,#_SampleTiles + 0 + 127
                            828 ; genAssign (pointer)
   02FD 3E 00               829 	ld	a,#0x00
   02FF 12                  830 	ld	(de),a
                            831 ;--------------------------------------------------------
                            832 ; Home
                            833 ;--------------------------------------------------------
                            834 	.area _HOME
                            835 	.area _CODE
                            836 ;--------------------------------------------------------
                            837 ; code
                            838 ;--------------------------------------------------------
                            839 	.area _CODE
                            840 ;	C:\\Users\\Pico\\Documents\\GitHub\\Gameboy-Game\\src\\new.c 50
                            841 ; genLabel
                            842 ; genFunction
                            843 ;	---------------------------------
                            844 ; Function main
                            845 ; ---------------------------------
   0000                     846 ___main_start:
   0000                     847 _main:
   0000 C5                  848 	push	bc
   0001 E8 FD               849 	lda	sp,-3(sp)
                            850 ;	C:\\Users\\Pico\\Documents\\GitHub\\Gameboy-Game\\src\\new.c 54
                            851 ; genCall
   0003 CD 00 00            852 	call	_disable_interrupts
                            853 ;	C:\\Users\\Pico\\Documents\\GitHub\\Gameboy-Game\\src\\new.c 55
                            854 ; genCall
   0006 CD 00 00            855 	call	_display_off
                            856 ;	C:\\Users\\Pico\\Documents\\GitHub\\Gameboy-Game\\src\\new.c 56
                            857 ; genAssign
   0009 11 40 FF            858 	ld	de,#0xFF40
                            859 ; genAssign (pointer)
   000C 3E 47               860 	ld	a,#0x47
   000E 12                  861 	ld	(de),a
                            862 ;	C:\\Users\\Pico\\Documents\\GitHub\\Gameboy-Game\\src\\new.c 57
                            863 ; genAssign
                            864 ; AOP_STK for _main_sloc0_1_0
   000F F8 00               865 	lda	hl,0(sp)
   0011 36 47               866 	ld	(hl),#0x47
   0013 23                  867 	inc	hl
   0014 36 FF               868 	ld	(hl),#0xFF
                            869 ; genAssign
   0016 01 48 FF            870 	ld	bc,#0xFF48
                            871 ; genAssign
   0019 11 49 FF            872 	ld	de,#0xFF49
                            873 ; genAssign (pointer)
   001C 3E E4               874 	ld	a,#0xE4
   001E 12                  875 	ld	(de),a
                            876 ; genAssign (pointer)
   001F 3E E4               877 	ld	a,#0xE4
   0021 02                  878 	ld	(bc),a
                            879 ; genAssign (pointer)
                            880 ; AOP_STK for _main_sloc0_1_0
   0022 2B                  881 	dec	hl
   0023 5E                  882 	ld	e,(hl)
   0024 23                  883 	inc	hl
   0025 56                  884 	ld	d,(hl)
   0026 3E E4               885 	ld	a,#0xE4
   0028 12                  886 	ld	(de),a
                            887 ;	C:\\Users\\Pico\\Documents\\GitHub\\Gameboy-Game\\src\\new.c 58
                            888 ; genIpush
   0029 21 00 00            889 	ld	hl,#_SampleTiles + 0
   002C E5                  890 	push	hl
                            891 ; genIpush
   002D 3E 40               892 	ld	a,#0x40
   002F F5                  893 	push	af
   0030 33                  894 	inc	sp
                            895 ; genIpush
   0031 3E 00               896 	ld	a,#0x00
   0033 F5                  897 	push	af
   0034 33                  898 	inc	sp
                            899 ; genCall
   0035 CD 00 00            900 	call	_set_bkg_data
   0038 E8 04               901 	lda	sp,4(sp)
                            902 ;	C:\\Users\\Pico\\Documents\\GitHub\\Gameboy-Game\\src\\new.c 65
                            903 ; genAssign
                            904 ; AOP_STK for _main_i_1_1
   003A F8 02               905 	lda	hl,2(sp)
   003C 36 00               906 	ld	(hl),#0x00
                            907 ; genLabel
   003E                     908 00108$:
                            909 ; genCmpLt
                            910 ; AOP_STK for _main_i_1_1
   003E F8 02               911 	lda	hl,2(sp)
   0040 7E                  912 	ld	a,(hl)
   0041 FE 20               913 	cp	#0x20
   0043 D2 80 00            914 	jp	nc,00111$
                            915 ;	C:\\Users\\Pico\\Documents\\GitHub\\Gameboy-Game\\src\\new.c 66
                            916 ; genAssign
   0046 06 00               917 	ld	b,#0x00
                            918 ; genLabel
   0048                     919 00104$:
                            920 ; genCmpLt
                            921 ; AOP_STK for _main_sloc0_1_0
   0048 78                  922 	ld	a,b
   0049 FE 20               923 	cp	#0x20
   004B 3E 00               924 	ld	a,#0x00
   004D 17                  925 	rla
   004E F8 00               926 	lda	hl,0(sp)
   0050 77                  927 	ld	(hl),a
                            928 ; genIfx
                            929 ; AOP_STK for _main_sloc0_1_0
                            930 ; Removed redundent or a,a
   0051 AF                  931 	xor	a,a
   0052 B6                  932 	or	a,(hl)
   0053 CA 77 00            933 	jp	z,00110$
                            934 ;	C:\\Users\\Pico\\Documents\\GitHub\\Gameboy-Game\\src\\new.c 67
                            935 ; genIpush
   0056 21 E3 00            936 	ld	hl,#_mapData + 0
   0059 E5                  937 	push	hl
                            938 ; genIpush
   005A 3E 08               939 	ld	a,#0x08
   005C F5                  940 	push	af
   005D 33                  941 	inc	sp
                            942 ; genIpush
   005E 3E 08               943 	ld	a,#0x08
   0060 F5                  944 	push	af
   0061 33                  945 	inc	sp
                            946 ; genIpush
   0062 78                  947 	ld	a,b
   0063 F5                  948 	push	af
   0064 33                  949 	inc	sp
                            950 ; genIpush
                            951 ; AOP_STK for _main_i_1_1
   0065 F8 07               952 	lda	hl,7(sp)
   0067 7E                  953 	ld	a,(hl)
   0068 F5                  954 	push	af
   0069 33                  955 	inc	sp
                            956 ; genCall
   006A CD 00 00            957 	call	_set_bkg_tiles
   006D E8 06               958 	lda	sp,6(sp)
                            959 ;	C:\\Users\\Pico\\Documents\\GitHub\\Gameboy-Game\\src\\new.c 66
                            960 ; genPlus
                            961 ; genPlusIncr
                            962 ;	genPlusIncr failed
   006F 78                  963 	ld	a,b
   0070 C6 08               964 	add	a,#0x08
   0072 4F                  965 	ld	c,a
                            966 ; genAssign
   0073 41                  967 	ld	b,c
                            968 ; genGoto
   0074 C3 48 00            969 	jp	00104$
                            970 ; genLabel
   0077                     971 00110$:
                            972 ;	C:\\Users\\Pico\\Documents\\GitHub\\Gameboy-Game\\src\\new.c 65
                            973 ; genPlus
                            974 ; AOP_STK for _main_i_1_1
                            975 ; genPlusIncr
                            976 ;	genPlusIncr failed
   0077 F8 02               977 	lda	hl,2(sp)
   0079 7E                  978 	ld	a,(hl)
   007A C6 08               979 	add	a,#0x08
   007C 77                  980 	ld	(hl),a
                            981 ; genGoto
   007D C3 3E 00            982 	jp	00108$
                            983 ; genLabel
   0080                     984 00111$:
                            985 ;	C:\\Users\\Pico\\Documents\\GitHub\\Gameboy-Game\\src\\new.c 68
                            986 ; genAssign
                            987 ; AOP_STK for _main_sloc0_1_0
   0080 F8 00               988 	lda	hl,0(sp)
   0082 36 40               989 	ld	(hl),#0x40
   0084 23                  990 	inc	hl
   0085 36 FF               991 	ld	(hl),#0xFF
                            992 ; genAssign
   0087 11 40 FF            993 	ld	de,#0xFF40
                            994 ; genPointerGet
   008A 1A                  995 	ld	a,(de)
   008B 4F                  996 	ld	c,a
                            997 ; genOr
                            998 ; Type res[2] = l[2]&r[1]
                            999 ; Size res[1] = l[1]&r[1]
   008C 79                 1000 	ld	a,c
   008D F6 80              1001 	or	a,#0x80
   008F 4F                 1002 	ld	c,a
                           1003 ; genAssign (pointer)
                           1004 ; AOP_STK for _main_sloc0_1_0
   0090 2B                 1005 	dec	hl
   0091 5E                 1006 	ld	e,(hl)
   0092 23                 1007 	inc	hl
   0093 56                 1008 	ld	d,(hl)
   0094 79                 1009 	ld	a,c
   0095 12                 1010 	ld	(de),a
                           1011 ;	C:\\Users\\Pico\\Documents\\GitHub\\Gameboy-Game\\src\\new.c 69
                           1012 ; genCall
   0096 CD 00 00           1013 	call	_enable_interrupts
                           1014 ;	C:\\Users\\Pico\\Documents\\GitHub\\Gameboy-Game\\src\\new.c 71
                           1015 ; genLabel
   0099                    1016 00102$:
                           1017 ;	C:\\Users\\Pico\\Documents\\GitHub\\Gameboy-Game\\src\\new.c 72
                           1018 ; genCall
   0099 CD 00 00           1019 	call	_wait_vbl_done
                           1020 ; genGoto
   009C C3 99 00           1021 	jp	00102$
                           1022 ; genLabel
   009F                    1023 00112$:
                           1024 ; genEndFunction
   009F E8 03              1025 	lda	sp,3(sp)
   00A1 C1                 1026 	pop	bc
   00A2 C9                 1027 	ret
   00A3                    1028 ___main_end:
   00A3                    1029 _std_data:
   00A3 FF                 1030 	.db #0xFF
   00A4 FF                 1031 	.db #0xFF
   00A5 FF                 1032 	.db #0xFF
   00A6 FF                 1033 	.db #0xFF
   00A7 FF                 1034 	.db #0xFF
   00A8 FF                 1035 	.db #0xFF
   00A9 FF                 1036 	.db #0xFF
   00AA FF                 1037 	.db #0xFF
   00AB FF                 1038 	.db #0xFF
   00AC FF                 1039 	.db #0xFF
   00AD FF                 1040 	.db #0xFF
   00AE FF                 1041 	.db #0xFF
   00AF FF                 1042 	.db #0xFF
   00B0 FF                 1043 	.db #0xFF
   00B1 FF                 1044 	.db #0xFF
   00B2 FF                 1045 	.db #0xFF
   00B3 FF                 1046 	.db #0xFF
   00B4 00                 1047 	.db #0x00
   00B5 FF                 1048 	.db #0xFF
   00B6 00                 1049 	.db #0x00
   00B7 FF                 1050 	.db #0xFF
   00B8 00                 1051 	.db #0x00
   00B9 FF                 1052 	.db #0xFF
   00BA 00                 1053 	.db #0x00
   00BB FF                 1054 	.db #0xFF
   00BC 00                 1055 	.db #0x00
   00BD FF                 1056 	.db #0xFF
   00BE 00                 1057 	.db #0x00
   00BF FF                 1058 	.db #0xFF
   00C0 00                 1059 	.db #0x00
   00C1 FF                 1060 	.db #0xFF
   00C2 00                 1061 	.db #0x00
   00C3 00                 1062 	.db #0x00
   00C4 FF                 1063 	.db #0xFF
   00C5 00                 1064 	.db #0x00
   00C6 FF                 1065 	.db #0xFF
   00C7 00                 1066 	.db #0x00
   00C8 FF                 1067 	.db #0xFF
   00C9 00                 1068 	.db #0x00
   00CA FF                 1069 	.db #0xFF
   00CB 00                 1070 	.db #0x00
   00CC FF                 1071 	.db #0xFF
   00CD 00                 1072 	.db #0x00
   00CE FF                 1073 	.db #0xFF
   00CF 00                 1074 	.db #0x00
   00D0 FF                 1075 	.db #0xFF
   00D1 00                 1076 	.db #0x00
   00D2 FF                 1077 	.db #0xFF
   00D3 00                 1078 	.db #0x00
   00D4 00                 1079 	.db #0x00
   00D5 00                 1080 	.db #0x00
   00D6 00                 1081 	.db #0x00
   00D7 00                 1082 	.db #0x00
   00D8 00                 1083 	.db #0x00
   00D9 00                 1084 	.db #0x00
   00DA 00                 1085 	.db #0x00
   00DB 00                 1086 	.db #0x00
   00DC 00                 1087 	.db #0x00
   00DD 00                 1088 	.db #0x00
   00DE 00                 1089 	.db #0x00
   00DF 00                 1090 	.db #0x00
   00E0 00                 1091 	.db #0x00
   00E1 00                 1092 	.db #0x00
   00E2 00                 1093 	.db #0x00
   00E3                    1094 _mapData:
   00E3 00                 1095 	.db #0x00
   00E4 02                 1096 	.db #0x02
   00E5 00                 1097 	.db #0x00
   00E6 02                 1098 	.db #0x02
   00E7 00                 1099 	.db #0x00
   00E8 02                 1100 	.db #0x02
   00E9 00                 1101 	.db #0x00
   00EA 02                 1102 	.db #0x02
   00EB 01                 1103 	.db #0x01
   00EC 03                 1104 	.db #0x03
   00ED 01                 1105 	.db #0x01
   00EE 03                 1106 	.db #0x03
   00EF 01                 1107 	.db #0x01
   00F0 03                 1108 	.db #0x03
   00F1 01                 1109 	.db #0x01
   00F2 03                 1110 	.db #0x03
   00F3 00                 1111 	.db #0x00
   00F4 02                 1112 	.db #0x02
   00F5 00                 1113 	.db #0x00
   00F6 02                 1114 	.db #0x02
   00F7 00                 1115 	.db #0x00
   00F8 02                 1116 	.db #0x02
   00F9 00                 1117 	.db #0x00
   00FA 02                 1118 	.db #0x02
   00FB 01                 1119 	.db #0x01
   00FC 03                 1120 	.db #0x03
   00FD 01                 1121 	.db #0x01
   00FE 03                 1122 	.db #0x03
   00FF 01                 1123 	.db #0x01
   0100 03                 1124 	.db #0x03
   0101 01                 1125 	.db #0x01
   0102 03                 1126 	.db #0x03
   0103 00                 1127 	.db #0x00
   0104 02                 1128 	.db #0x02
   0105 00                 1129 	.db #0x00
   0106 02                 1130 	.db #0x02
   0107 00                 1131 	.db #0x00
   0108 02                 1132 	.db #0x02
   0109 00                 1133 	.db #0x00
   010A 02                 1134 	.db #0x02
   010B 01                 1135 	.db #0x01
   010C 03                 1136 	.db #0x03
   010D 01                 1137 	.db #0x01
   010E 03                 1138 	.db #0x03
   010F 01                 1139 	.db #0x01
   0110 03                 1140 	.db #0x03
   0111 01                 1141 	.db #0x01
   0112 03                 1142 	.db #0x03
   0113 00                 1143 	.db #0x00
   0114 02                 1144 	.db #0x02
   0115 00                 1145 	.db #0x00
   0116 02                 1146 	.db #0x02
   0117 00                 1147 	.db #0x00
   0118 02                 1148 	.db #0x02
   0119 00                 1149 	.db #0x00
   011A 02                 1150 	.db #0x02
   011B 01                 1151 	.db #0x01
   011C 03                 1152 	.db #0x03
   011D 01                 1153 	.db #0x01
   011E 03                 1154 	.db #0x03
   011F 01                 1155 	.db #0x01
   0120 03                 1156 	.db #0x03
   0121 01                 1157 	.db #0x01
   0122 03                 1158 	.db #0x03
                           1159 	.area _CODE
ASxxxx Assembler V01.75  (GameBoy Z80-like CPU), page 1.

Symbol Table

  1 _SampleTiles                       0000 GR
  0 ___main_end                        00A3 R
  0 ___main_start                      0000 R
    __cpu                              **** GX
    __io_in                            **** GX
    __io_out                           **** GX
    __io_status                        **** GX
    _disable_interrupts                **** GX
    _display_off                       **** GX
    _enable_interrupts                 **** GX
  0 _main                              0000 GR
  0 _mapData                           00E3 GR
    _set_bkg_data                      **** GX
    _set_bkg_tiles                     **** GX
  0 _std_data                          00A3 GR
    _sys_time                          **** GX
    _wait_vbl_done                     **** GX

ASxxxx Assembler V01.75  (GameBoy Z80-like CPU), page 2.

Area Table

   0 _CODE                              size  123   flags 0
   1 _DATA                              size   80   flags 0
   2 _OVERLAY                           size    0   flags 0
   3 _ISEG                              size    0   flags 0
   4 _BSEG                              size    0   flags 0
   5 _XSEG                              size    0   flags 0
   6 _GSINIT                            size  300   flags 0
   7 _GSFINAL                           size    0   flags 0
   8 _HOME                              size    0   flags 0
